[2026-07-30T09:31:13.433+0000] {local_task_job_runner.py:123} INFO - ::group::Pre task execution logs
[2026-07-30T09:31:13.440+0000] {taskinstance.py:2603} INFO - Dependencies all met for dep_context=non-requeueable deps ti=<TaskInstance: retail_etl.generate_data manual__2026-07-30T09:31:11.182824+00:00 [queued]>
[2026-07-30T09:31:13.443+0000] {taskinstance.py:2603} INFO - Dependencies all met for dep_context=requeueable deps ti=<TaskInstance: retail_etl.generate_data manual__2026-07-30T09:31:11.182824+00:00 [queued]>
[2026-07-30T09:31:13.443+0000] {taskinstance.py:2856} INFO - Starting attempt 1 of 1
[2026-07-30T09:31:13.448+0000] {taskinstance.py:2879} INFO - Executing <Task(BashOperator): generate_data> on 2026-07-30 09:31:11.182824+00:00
[2026-07-30T09:31:13.449+0000] {standard_task_runner.py:72} INFO - Started process 37 to run task
[2026-07-30T09:31:13.451+0000] {standard_task_runner.py:104} INFO - Running: ['airflow', 'tasks', 'run', 'retail_etl', 'generate_data', 'manual__2026-07-30T09:31:11.182824+00:00', '--job-id', '7', '--raw', '--subdir', 'DAGS_FOLDER/retail_pipeline.py', '--cfg-path', '/tmp/tmp5zszm7dc']
[2026-07-30T09:31:13.452+0000] {standard_task_runner.py:105} INFO - Job 7: Subtask generate_data
[2026-07-30T09:31:13.474+0000] {task_command.py:467} INFO - Running <TaskInstance: retail_etl.generate_data manual__2026-07-30T09:31:11.182824+00:00 [running]> on host b8b5f4b1231a
[2026-07-30T09:31:13.514+0000] {taskinstance.py:3122} INFO - Exporting env vars: AIRFLOW_CTX_DAG_OWNER='airflow' AIRFLOW_CTX_DAG_ID='retail_etl' AIRFLOW_CTX_TASK_ID='generate_data' AIRFLOW_CTX_EXECUTION_DATE='2026-07-30T09:31:11.182824+00:00' AIRFLOW_CTX_TRY_NUMBER='1' AIRFLOW_CTX_DAG_RUN_ID='manual__2026-07-30T09:31:11.182824+00:00'
[2026-07-30T09:31:13.514+0000] {taskinstance.py:731} INFO - ::endgroup::
[2026-07-30T09:31:13.538+0000] {subprocess.py:63} INFO - Tmp dir root location: /tmp
[2026-07-30T09:31:13.538+0000] {subprocess.py:75} INFO - Running command: ['/usr/bin/bash', '-c', '\n        cd /opt/airflow/project &&\n        python -m app.generators.generate_all\n        ']
[2026-07-30T09:31:13.546+0000] {subprocess.py:86} INFO - Output:
[2026-07-30T09:31:16.617+0000] {subprocess.py:93} INFO - Generating Categories...
[2026-07-30T09:31:16.620+0000] {subprocess.py:93} INFO - Generated 10 categories
[2026-07-30T09:31:16.620+0000] {subprocess.py:93} INFO - Saved to data/raw/categories.csv
[2026-07-30T09:31:16.620+0000] {subprocess.py:93} INFO - Generating Suppliers...
[2026-07-30T09:31:16.621+0000] {subprocess.py:93} INFO - Generated 200 suppliers
[2026-07-30T09:31:16.621+0000] {subprocess.py:93} INFO - Saved to data/raw/suppliers.csv
[2026-07-30T09:31:16.621+0000] {subprocess.py:93} INFO - Generating Stores...
[2026-07-30T09:31:16.621+0000] {subprocess.py:93} INFO - Generated 10 stores
[2026-07-30T09:31:16.621+0000] {subprocess.py:93} INFO - Saved to data/raw/stores.csv
[2026-07-30T09:31:16.621+0000] {subprocess.py:93} INFO - Generating Customers...
[2026-07-30T09:31:16.621+0000] {subprocess.py:93} INFO - Generated 1000 customers
[2026-07-30T09:31:16.622+0000] {subprocess.py:93} INFO - Saved to data/raw/customers.csv
[2026-07-30T09:31:16.622+0000] {subprocess.py:93} INFO - Generating Products...
[2026-07-30T09:31:16.622+0000] {subprocess.py:93} INFO - Generated 40 products
[2026-07-30T09:31:16.622+0000] {subprocess.py:93} INFO - Saved to data/raw/products.csv
[2026-07-30T09:31:16.622+0000] {subprocess.py:93} INFO - Generating Orders...
[2026-07-30T09:31:16.622+0000] {subprocess.py:93} INFO - Generated 5000 orders
[2026-07-30T09:31:16.622+0000] {subprocess.py:93} INFO - Generated 15099 order items
[2026-07-30T09:31:16.622+0000] {subprocess.py:93} INFO - Generating Payments...
[2026-07-30T09:31:16.623+0000] {subprocess.py:93} INFO - Generated 5000 payments
[2026-07-30T09:31:16.623+0000] {subprocess.py:93} INFO - Saved to data/raw/payments.csv
[2026-07-30T09:31:16.623+0000] {subprocess.py:93} INFO - Generating Shipping...
[2026-07-30T09:31:16.623+0000] {subprocess.py:93} INFO - Generated 5000 shipping records
[2026-07-30T09:31:16.623+0000] {subprocess.py:93} INFO - Saved to data/raw/shipping.csv
[2026-07-30T09:31:16.623+0000] {subprocess.py:93} INFO - Generating Inventory...
[2026-07-30T09:31:16.623+0000] {subprocess.py:93} INFO - Generated 400 inventory records
[2026-07-30T09:31:16.623+0000] {subprocess.py:93} INFO - Saved to data/raw/inventory.csv
[2026-07-30T09:31:16.623+0000] {subprocess.py:93} INFO - 
[2026-07-30T09:31:16.623+0000] {subprocess.py:93} INFO - All datasets generated successfully!
[2026-07-30T09:31:16.660+0000] {subprocess.py:97} INFO - Command exited with return code 0
[2026-07-30T09:31:16.678+0000] {taskinstance.py:340} INFO - ::group::Post task execution logs
[2026-07-30T09:31:16.678+0000] {taskinstance.py:352} INFO - Marking task as SUCCESS. dag_id=retail_etl, task_id=generate_data, run_id=manual__2026-07-30T09:31:11.182824+00:00, execution_date=20260730T093111, start_date=20260730T093113, end_date=20260730T093116
[2026-07-30T09:31:16.688+0000] {local_task_job_runner.py:261} INFO - Task exited with return code 0
[2026-07-30T09:31:16.698+0000] {taskinstance.py:3891} INFO - 1 downstream tasks scheduled from follow-on schedule check
[2026-07-30T09:31:16.698+0000] {local_task_job_runner.py:240} INFO - ::endgroup::
