[2026-08-02T00:00:02.319+0000] {local_task_job_runner.py:123} INFO - ::group::Pre task execution logs
[2026-08-02T00:00:02.326+0000] {taskinstance.py:2603} INFO - Dependencies all met for dep_context=non-requeueable deps ti=<TaskInstance: retail_etl.generate_data scheduled__2026-08-01T00:00:00+00:00 [queued]>
[2026-08-02T00:00:02.330+0000] {taskinstance.py:2603} INFO - Dependencies all met for dep_context=requeueable deps ti=<TaskInstance: retail_etl.generate_data scheduled__2026-08-01T00:00:00+00:00 [queued]>
[2026-08-02T00:00:02.330+0000] {taskinstance.py:2856} INFO - Starting attempt 1 of 1
[2026-08-02T00:00:02.336+0000] {taskinstance.py:2879} INFO - Executing <Task(BashOperator): generate_data> on 2026-08-01 00:00:00+00:00
[2026-08-02T00:00:02.339+0000] {standard_task_runner.py:72} INFO - Started process 130 to run task
[2026-08-02T00:00:02.343+0000] {standard_task_runner.py:104} INFO - Running: ['airflow', 'tasks', 'run', 'retail_etl', 'generate_data', 'scheduled__2026-08-01T00:00:00+00:00', '--job-id', '17', '--raw', '--subdir', 'DAGS_FOLDER/retail_pipeline.py', '--cfg-path', '/tmp/tmp6oxz1x__']
[2026-08-02T00:00:02.348+0000] {standard_task_runner.py:105} INFO - Job 17: Subtask generate_data
[2026-08-02T00:00:02.384+0000] {task_command.py:467} INFO - Running <TaskInstance: retail_etl.generate_data scheduled__2026-08-01T00:00:00+00:00 [running]> on host b012eac4770d
[2026-08-02T00:00:02.454+0000] {taskinstance.py:3122} INFO - Exporting env vars: AIRFLOW_CTX_DAG_OWNER='airflow' AIRFLOW_CTX_DAG_ID='retail_etl' AIRFLOW_CTX_TASK_ID='generate_data' AIRFLOW_CTX_EXECUTION_DATE='2026-08-01T00:00:00+00:00' AIRFLOW_CTX_TRY_NUMBER='1' AIRFLOW_CTX_DAG_RUN_ID='scheduled__2026-08-01T00:00:00+00:00'
[2026-08-02T00:00:02.455+0000] {taskinstance.py:731} INFO - ::endgroup::
[2026-08-02T00:00:02.469+0000] {subprocess.py:63} INFO - Tmp dir root location: /tmp
[2026-08-02T00:00:02.470+0000] {subprocess.py:75} INFO - Running command: ['/usr/bin/bash', '-c', '\n        cd /opt/airflow/project &&\n        python -m app.generators.generate_all\n        ']
[2026-08-02T00:00:02.476+0000] {subprocess.py:86} INFO - Output:
[2026-08-02T00:00:05.690+0000] {subprocess.py:93} INFO - Generating Categories...
[2026-08-02T00:00:05.692+0000] {subprocess.py:93} INFO - Generated 10 categories
[2026-08-02T00:00:05.693+0000] {subprocess.py:93} INFO - Saved to data/raw/categories.csv
[2026-08-02T00:00:05.693+0000] {subprocess.py:93} INFO - Generating Suppliers...
[2026-08-02T00:00:05.693+0000] {subprocess.py:93} INFO - Generated 200 suppliers
[2026-08-02T00:00:05.693+0000] {subprocess.py:93} INFO - Saved to data/raw/suppliers.csv
[2026-08-02T00:00:05.693+0000] {subprocess.py:93} INFO - Generating Stores...
[2026-08-02T00:00:05.693+0000] {subprocess.py:93} INFO - Generated 10 stores
[2026-08-02T00:00:05.694+0000] {subprocess.py:93} INFO - Saved to data/raw/stores.csv
[2026-08-02T00:00:05.694+0000] {subprocess.py:93} INFO - Generating Customers...
[2026-08-02T00:00:05.694+0000] {subprocess.py:93} INFO - Generated 1000 customers
[2026-08-02T00:00:05.694+0000] {subprocess.py:93} INFO - Saved to data/raw/customers.csv
[2026-08-02T00:00:05.695+0000] {subprocess.py:93} INFO - Generating Products...
[2026-08-02T00:00:05.695+0000] {subprocess.py:93} INFO - Generated 40 products
[2026-08-02T00:00:05.695+0000] {subprocess.py:93} INFO - Saved to data/raw/products.csv
[2026-08-02T00:00:05.695+0000] {subprocess.py:93} INFO - Generating Orders...
[2026-08-02T00:00:05.695+0000] {subprocess.py:93} INFO - Generated 5000 orders
[2026-08-02T00:00:05.695+0000] {subprocess.py:93} INFO - Generated 14993 order items
[2026-08-02T00:00:05.696+0000] {subprocess.py:93} INFO - Generating Payments...
[2026-08-02T00:00:05.696+0000] {subprocess.py:93} INFO - Generated 5000 payments
[2026-08-02T00:00:05.696+0000] {subprocess.py:93} INFO - Saved to data/raw/payments.csv
[2026-08-02T00:00:05.696+0000] {subprocess.py:93} INFO - Generating Shipping...
[2026-08-02T00:00:05.696+0000] {subprocess.py:93} INFO - Generated 5000 shipping records
[2026-08-02T00:00:05.696+0000] {subprocess.py:93} INFO - Saved to data/raw/shipping.csv
[2026-08-02T00:00:05.696+0000] {subprocess.py:93} INFO - Generating Inventory...
[2026-08-02T00:00:05.696+0000] {subprocess.py:93} INFO - Generated 400 inventory records
[2026-08-02T00:00:05.696+0000] {subprocess.py:93} INFO - Saved to data/raw/inventory.csv
[2026-08-02T00:00:05.696+0000] {subprocess.py:93} INFO - 
[2026-08-02T00:00:05.696+0000] {subprocess.py:93} INFO - All datasets generated successfully!
[2026-08-02T00:00:05.736+0000] {subprocess.py:97} INFO - Command exited with return code 0
[2026-08-02T00:00:05.765+0000] {taskinstance.py:340} INFO - ::group::Post task execution logs
[2026-08-02T00:00:05.766+0000] {taskinstance.py:352} INFO - Marking task as SUCCESS. dag_id=retail_etl, task_id=generate_data, run_id=scheduled__2026-08-01T00:00:00+00:00, execution_date=20260801T000000, start_date=20260802T000002, end_date=20260802T000005
[2026-08-02T00:00:05.805+0000] {local_task_job_runner.py:261} INFO - Task exited with return code 0
[2026-08-02T00:00:05.846+0000] {taskinstance.py:3891} INFO - 1 downstream tasks scheduled from follow-on schedule check
[2026-08-02T00:00:05.847+0000] {local_task_job_runner.py:240} INFO - ::endgroup::
[2026-08-02T10:07:16.254+0000] {local_task_job_runner.py:123} INFO - ::group::Pre task execution logs
[2026-08-02T10:07:16.261+0000] {taskinstance.py:2603} INFO - Dependencies all met for dep_context=non-requeueable deps ti=<TaskInstance: retail_etl.generate_data scheduled__2026-08-01T00:00:00+00:00 [queued]>
[2026-08-02T10:07:16.264+0000] {taskinstance.py:2603} INFO - Dependencies all met for dep_context=requeueable deps ti=<TaskInstance: retail_etl.generate_data scheduled__2026-08-01T00:00:00+00:00 [queued]>
[2026-08-02T10:07:16.264+0000] {taskinstance.py:2856} INFO - Starting attempt 1 of 1
[2026-08-02T10:07:16.269+0000] {taskinstance.py:2879} INFO - Executing <Task(BashOperator): generate_data> on 2026-08-01 00:00:00+00:00
[2026-08-02T10:07:16.271+0000] {standard_task_runner.py:72} INFO - Started process 101 to run task
[2026-08-02T10:07:16.277+0000] {standard_task_runner.py:104} INFO - Running: ['airflow', 'tasks', 'run', 'retail_etl', 'generate_data', 'scheduled__2026-08-01T00:00:00+00:00', '--job-id', '40', '--raw', '--subdir', 'DAGS_FOLDER/retail_etl.py', '--cfg-path', '/tmp/tmpzdnj0git']
[2026-08-02T10:07:16.278+0000] {standard_task_runner.py:105} INFO - Job 40: Subtask generate_data
[2026-08-02T10:07:16.309+0000] {task_command.py:467} INFO - Running <TaskInstance: retail_etl.generate_data scheduled__2026-08-01T00:00:00+00:00 [running]> on host 09fda76a97ee
[2026-08-02T10:07:16.352+0000] {taskinstance.py:3122} INFO - Exporting env vars: AIRFLOW_CTX_DAG_OWNER='airflow' AIRFLOW_CTX_DAG_ID='retail_etl' AIRFLOW_CTX_TASK_ID='generate_data' AIRFLOW_CTX_EXECUTION_DATE='2026-08-01T00:00:00+00:00' AIRFLOW_CTX_TRY_NUMBER='1' AIRFLOW_CTX_DAG_RUN_ID='scheduled__2026-08-01T00:00:00+00:00'
[2026-08-02T10:07:16.353+0000] {taskinstance.py:731} INFO - ::endgroup::
[2026-08-02T10:07:16.363+0000] {subprocess.py:63} INFO - Tmp dir root location: /tmp
[2026-08-02T10:07:16.363+0000] {subprocess.py:75} INFO - Running command: ['/usr/bin/bash', '-c', '\n        cd /opt/airflow/project &&\n        python -m app.generators.generate_all\n        ']
[2026-08-02T10:07:16.368+0000] {subprocess.py:86} INFO - Output:
[2026-08-02T10:07:19.495+0000] {subprocess.py:93} INFO - Generating Categories...
[2026-08-02T10:07:19.497+0000] {subprocess.py:93} INFO - Generated 10 categories
[2026-08-02T10:07:19.497+0000] {subprocess.py:93} INFO - Saved to data/raw/categories.csv
[2026-08-02T10:07:19.497+0000] {subprocess.py:93} INFO - Generating Suppliers...
[2026-08-02T10:07:19.497+0000] {subprocess.py:93} INFO - Generated 200 suppliers
[2026-08-02T10:07:19.497+0000] {subprocess.py:93} INFO - Saved to data/raw/suppliers.csv
[2026-08-02T10:07:19.497+0000] {subprocess.py:93} INFO - Generating Stores...
[2026-08-02T10:07:19.497+0000] {subprocess.py:93} INFO - Generated 10 stores
[2026-08-02T10:07:19.498+0000] {subprocess.py:93} INFO - Saved to data/raw/stores.csv
[2026-08-02T10:07:19.498+0000] {subprocess.py:93} INFO - Generating Customers...
[2026-08-02T10:07:19.498+0000] {subprocess.py:93} INFO - Generated 1000 customers
[2026-08-02T10:07:19.498+0000] {subprocess.py:93} INFO - Saved to data/raw/customers.csv
[2026-08-02T10:07:19.498+0000] {subprocess.py:93} INFO - Generating Products...
[2026-08-02T10:07:19.498+0000] {subprocess.py:93} INFO - Generated 40 products
[2026-08-02T10:07:19.498+0000] {subprocess.py:93} INFO - Saved to data/raw/products.csv
[2026-08-02T10:07:19.499+0000] {subprocess.py:93} INFO - Generating Orders...
[2026-08-02T10:07:19.499+0000] {subprocess.py:93} INFO - Generated 5000 orders
[2026-08-02T10:07:19.499+0000] {subprocess.py:93} INFO - Generated 15048 order items
[2026-08-02T10:07:19.499+0000] {subprocess.py:93} INFO - Generating Payments...
[2026-08-02T10:07:19.499+0000] {subprocess.py:93} INFO - Generated 5000 payments
[2026-08-02T10:07:19.499+0000] {subprocess.py:93} INFO - Saved to data/raw/payments.csv
[2026-08-02T10:07:19.499+0000] {subprocess.py:93} INFO - Generating Shipping...
[2026-08-02T10:07:19.500+0000] {subprocess.py:93} INFO - Generated 5000 shipping records
[2026-08-02T10:07:19.500+0000] {subprocess.py:93} INFO - Saved to data/raw/shipping.csv
[2026-08-02T10:07:19.500+0000] {subprocess.py:93} INFO - Generating Inventory...
[2026-08-02T10:07:19.500+0000] {subprocess.py:93} INFO - Generated 400 inventory records
[2026-08-02T10:07:19.500+0000] {subprocess.py:93} INFO - Saved to data/raw/inventory.csv
[2026-08-02T10:07:19.500+0000] {subprocess.py:93} INFO - 
[2026-08-02T10:07:19.500+0000] {subprocess.py:93} INFO - All datasets generated successfully!
[2026-08-02T10:07:19.540+0000] {subprocess.py:97} INFO - Command exited with return code 0
[2026-08-02T10:07:19.566+0000] {taskinstance.py:340} INFO - ::group::Post task execution logs
[2026-08-02T10:07:19.566+0000] {taskinstance.py:352} INFO - Marking task as SUCCESS. dag_id=retail_etl, task_id=generate_data, run_id=scheduled__2026-08-01T00:00:00+00:00, execution_date=20260801T000000, start_date=20260802T100716, end_date=20260802T100719
[2026-08-02T10:07:19.590+0000] {local_task_job_runner.py:261} INFO - Task exited with return code 0
[2026-08-02T10:07:19.615+0000] {taskinstance.py:3891} INFO - 1 downstream tasks scheduled from follow-on schedule check
[2026-08-02T10:07:19.616+0000] {local_task_job_runner.py:240} INFO - ::endgroup::
