[2026-08-02T00:00:15.499+0000] {processor.py:186} INFO - Started process (PID=162) to work on /opt/airflow/dags/retail_pipeline.py
[2026-08-02T00:00:15.500+0000] {processor.py:914} INFO - Processing file /opt/airflow/dags/retail_pipeline.py for tasks to queue
[2026-08-02T00:00:15.504+0000] {logging_mixin.py:190} INFO - [2026-08-02T00:00:15.504+0000] {dagbag.py:587} INFO - Filling up the DagBag from /opt/airflow/dags/retail_pipeline.py
[2026-08-02T00:00:15.520+0000] {processor.py:925} INFO - DAG(s) 'retail_etl' retrieved from /opt/airflow/dags/retail_pipeline.py
[2026-08-02T00:00:15.548+0000] {logging_mixin.py:190} INFO - [2026-08-02T00:00:15.547+0000] {dag.py:3211} INFO - Sync 1 DAGs
[2026-08-02T00:00:15.563+0000] {logging_mixin.py:190} INFO - [2026-08-02T00:00:15.563+0000] {dag.py:4138} INFO - Setting next_dagrun for retail_etl to 2026-08-02 00:00:00+00:00, run_after=2026-08-03 00:00:00+00:00
[2026-08-02T00:00:15.571+0000] {processor.py:208} INFO - Processing /opt/airflow/dags/retail_pipeline.py took 0.082 seconds
[2026-08-02T00:00:45.873+0000] {processor.py:186} INFO - Started process (PID=163) to work on /opt/airflow/dags/retail_pipeline.py
[2026-08-02T00:00:45.875+0000] {processor.py:914} INFO - Processing file /opt/airflow/dags/retail_pipeline.py for tasks to queue
[2026-08-02T00:00:45.879+0000] {logging_mixin.py:190} INFO - [2026-08-02T00:00:45.879+0000] {dagbag.py:587} INFO - Filling up the DagBag from /opt/airflow/dags/retail_pipeline.py
[2026-08-02T00:00:45.902+0000] {processor.py:925} INFO - DAG(s) 'retail_etl' retrieved from /opt/airflow/dags/retail_pipeline.py
[2026-08-02T00:00:45.932+0000] {logging_mixin.py:190} INFO - [2026-08-02T00:00:45.932+0000] {dag.py:3211} INFO - Sync 1 DAGs
[2026-08-02T00:00:45.946+0000] {logging_mixin.py:190} INFO - [2026-08-02T00:00:45.946+0000] {dag.py:4138} INFO - Setting next_dagrun for retail_etl to 2026-08-02 00:00:00+00:00, run_after=2026-08-03 00:00:00+00:00
[2026-08-02T00:00:45.959+0000] {processor.py:208} INFO - Processing /opt/airflow/dags/retail_pipeline.py took 0.095 seconds
[2026-08-02T00:01:16.243+0000] {processor.py:186} INFO - Started process (PID=164) to work on /opt/airflow/dags/retail_pipeline.py
[2026-08-02T00:01:16.245+0000] {processor.py:914} INFO - Processing file /opt/airflow/dags/retail_pipeline.py for tasks to queue
[2026-08-02T00:01:16.250+0000] {logging_mixin.py:190} INFO - [2026-08-02T00:01:16.249+0000] {dagbag.py:587} INFO - Filling up the DagBag from /opt/airflow/dags/retail_pipeline.py
[2026-08-02T00:01:16.274+0000] {processor.py:925} INFO - DAG(s) 'retail_etl' retrieved from /opt/airflow/dags/retail_pipeline.py
[2026-08-02T00:01:16.296+0000] {logging_mixin.py:190} INFO - [2026-08-02T00:01:16.296+0000] {dag.py:3211} INFO - Sync 1 DAGs
[2026-08-02T00:01:16.308+0000] {logging_mixin.py:190} INFO - [2026-08-02T00:01:16.308+0000] {dag.py:4138} INFO - Setting next_dagrun for retail_etl to 2026-08-02 00:00:00+00:00, run_after=2026-08-03 00:00:00+00:00
[2026-08-02T00:01:16.316+0000] {processor.py:208} INFO - Processing /opt/airflow/dags/retail_pipeline.py took 0.085 seconds
[2026-08-02T00:01:46.578+0000] {processor.py:186} INFO - Started process (PID=165) to work on /opt/airflow/dags/retail_pipeline.py
[2026-08-02T00:01:46.579+0000] {processor.py:914} INFO - Processing file /opt/airflow/dags/retail_pipeline.py for tasks to queue
[2026-08-02T00:01:46.583+0000] {logging_mixin.py:190} INFO - [2026-08-02T00:01:46.583+0000] {dagbag.py:587} INFO - Filling up the DagBag from /opt/airflow/dags/retail_pipeline.py
[2026-08-02T00:01:46.605+0000] {processor.py:925} INFO - DAG(s) 'retail_etl' retrieved from /opt/airflow/dags/retail_pipeline.py
[2026-08-02T00:01:46.636+0000] {logging_mixin.py:190} INFO - [2026-08-02T00:01:46.635+0000] {dag.py:3211} INFO - Sync 1 DAGs
[2026-08-02T00:01:46.654+0000] {logging_mixin.py:190} INFO - [2026-08-02T00:01:46.654+0000] {dag.py:4138} INFO - Setting next_dagrun for retail_etl to 2026-08-02 00:00:00+00:00, run_after=2026-08-03 00:00:00+00:00
[2026-08-02T00:01:46.663+0000] {processor.py:208} INFO - Processing /opt/airflow/dags/retail_pipeline.py took 0.096 seconds
[2026-08-02T00:02:17.017+0000] {processor.py:186} INFO - Started process (PID=166) to work on /opt/airflow/dags/retail_pipeline.py
[2026-08-02T00:02:17.020+0000] {processor.py:914} INFO - Processing file /opt/airflow/dags/retail_pipeline.py for tasks to queue
[2026-08-02T00:02:17.026+0000] {logging_mixin.py:190} INFO - [2026-08-02T00:02:17.025+0000] {dagbag.py:587} INFO - Filling up the DagBag from /opt/airflow/dags/retail_pipeline.py
[2026-08-02T00:02:17.053+0000] {processor.py:925} INFO - DAG(s) 'retail_etl' retrieved from /opt/airflow/dags/retail_pipeline.py
[2026-08-02T00:02:17.085+0000] {logging_mixin.py:190} INFO - [2026-08-02T00:02:17.085+0000] {dag.py:3211} INFO - Sync 1 DAGs
[2026-08-02T00:02:17.101+0000] {logging_mixin.py:190} INFO - [2026-08-02T00:02:17.101+0000] {dag.py:4138} INFO - Setting next_dagrun for retail_etl to 2026-08-02 00:00:00+00:00, run_after=2026-08-03 00:00:00+00:00
[2026-08-02T00:02:17.114+0000] {processor.py:208} INFO - Processing /opt/airflow/dags/retail_pipeline.py took 0.108 seconds
[2026-08-02T00:02:47.437+0000] {processor.py:186} INFO - Started process (PID=167) to work on /opt/airflow/dags/retail_pipeline.py
[2026-08-02T00:02:47.438+0000] {processor.py:914} INFO - Processing file /opt/airflow/dags/retail_pipeline.py for tasks to queue
[2026-08-02T00:02:47.442+0000] {logging_mixin.py:190} INFO - [2026-08-02T00:02:47.442+0000] {dagbag.py:587} INFO - Filling up the DagBag from /opt/airflow/dags/retail_pipeline.py
[2026-08-02T00:02:47.463+0000] {processor.py:925} INFO - DAG(s) 'retail_etl' retrieved from /opt/airflow/dags/retail_pipeline.py
[2026-08-02T00:02:47.490+0000] {logging_mixin.py:190} INFO - [2026-08-02T00:02:47.490+0000] {dag.py:3211} INFO - Sync 1 DAGs
[2026-08-02T00:02:47.505+0000] {logging_mixin.py:190} INFO - [2026-08-02T00:02:47.505+0000] {dag.py:4138} INFO - Setting next_dagrun for retail_etl to 2026-08-02 00:00:00+00:00, run_after=2026-08-03 00:00:00+00:00
[2026-08-02T00:02:47.514+0000] {processor.py:208} INFO - Processing /opt/airflow/dags/retail_pipeline.py took 0.088 seconds
[2026-08-02T00:03:17.787+0000] {processor.py:186} INFO - Started process (PID=168) to work on /opt/airflow/dags/retail_pipeline.py
[2026-08-02T00:03:17.792+0000] {processor.py:914} INFO - Processing file /opt/airflow/dags/retail_pipeline.py for tasks to queue
[2026-08-02T00:03:17.797+0000] {logging_mixin.py:190} INFO - [2026-08-02T00:03:17.796+0000] {dagbag.py:587} INFO - Filling up the DagBag from /opt/airflow/dags/retail_pipeline.py
[2026-08-02T00:03:17.820+0000] {processor.py:925} INFO - DAG(s) 'retail_etl' retrieved from /opt/airflow/dags/retail_pipeline.py
[2026-08-02T00:03:17.856+0000] {logging_mixin.py:190} INFO - [2026-08-02T00:03:17.856+0000] {dag.py:3211} INFO - Sync 1 DAGs
[2026-08-02T00:03:17.872+0000] {logging_mixin.py:190} INFO - [2026-08-02T00:03:17.872+0000] {dag.py:4138} INFO - Setting next_dagrun for retail_etl to 2026-08-02 00:00:00+00:00, run_after=2026-08-03 00:00:00+00:00
[2026-08-02T00:03:17.885+0000] {processor.py:208} INFO - Processing /opt/airflow/dags/retail_pipeline.py took 0.108 seconds
[2026-08-02T00:03:48.087+0000] {processor.py:186} INFO - Started process (PID=169) to work on /opt/airflow/dags/retail_pipeline.py
[2026-08-02T00:03:48.089+0000] {processor.py:914} INFO - Processing file /opt/airflow/dags/retail_pipeline.py for tasks to queue
[2026-08-02T00:03:48.095+0000] {logging_mixin.py:190} INFO - [2026-08-02T00:03:48.095+0000] {dagbag.py:587} INFO - Filling up the DagBag from /opt/airflow/dags/retail_pipeline.py
[2026-08-02T00:03:48.118+0000] {processor.py:925} INFO - DAG(s) 'retail_etl' retrieved from /opt/airflow/dags/retail_pipeline.py
[2026-08-02T00:03:48.142+0000] {logging_mixin.py:190} INFO - [2026-08-02T00:03:48.142+0000] {dag.py:3211} INFO - Sync 1 DAGs
[2026-08-02T00:03:48.167+0000] {logging_mixin.py:190} INFO - [2026-08-02T00:03:48.167+0000] {dag.py:4138} INFO - Setting next_dagrun for retail_etl to 2026-08-02 00:00:00+00:00, run_after=2026-08-03 00:00:00+00:00
[2026-08-02T00:03:48.176+0000] {processor.py:208} INFO - Processing /opt/airflow/dags/retail_pipeline.py took 0.101 seconds
[2026-08-02T00:04:18.456+0000] {processor.py:186} INFO - Started process (PID=170) to work on /opt/airflow/dags/retail_pipeline.py
[2026-08-02T00:04:18.457+0000] {processor.py:914} INFO - Processing file /opt/airflow/dags/retail_pipeline.py for tasks to queue
[2026-08-02T00:04:18.462+0000] {logging_mixin.py:190} INFO - [2026-08-02T00:04:18.461+0000] {dagbag.py:587} INFO - Filling up the DagBag from /opt/airflow/dags/retail_pipeline.py
[2026-08-02T00:04:18.482+0000] {processor.py:925} INFO - DAG(s) 'retail_etl' retrieved from /opt/airflow/dags/retail_pipeline.py
[2026-08-02T00:04:18.511+0000] {logging_mixin.py:190} INFO - [2026-08-02T00:04:18.511+0000] {dag.py:3211} INFO - Sync 1 DAGs
[2026-08-02T00:04:18.526+0000] {logging_mixin.py:190} INFO - [2026-08-02T00:04:18.526+0000] {dag.py:4138} INFO - Setting next_dagrun for retail_etl to 2026-08-02 00:00:00+00:00, run_after=2026-08-03 00:00:00+00:00
[2026-08-02T00:04:18.536+0000] {processor.py:208} INFO - Processing /opt/airflow/dags/retail_pipeline.py took 0.090 seconds
[2026-08-02T00:04:48.798+0000] {processor.py:186} INFO - Started process (PID=171) to work on /opt/airflow/dags/retail_pipeline.py
[2026-08-02T00:04:48.800+0000] {processor.py:914} INFO - Processing file /opt/airflow/dags/retail_pipeline.py for tasks to queue
[2026-08-02T00:04:48.809+0000] {logging_mixin.py:190} INFO - [2026-08-02T00:04:48.809+0000] {dagbag.py:587} INFO - Filling up the DagBag from /opt/airflow/dags/retail_pipeline.py
[2026-08-02T00:04:48.850+0000] {processor.py:925} INFO - DAG(s) 'retail_etl' retrieved from /opt/airflow/dags/retail_pipeline.py
[2026-08-02T00:04:48.876+0000] {logging_mixin.py:190} INFO - [2026-08-02T00:04:48.876+0000] {dag.py:3211} INFO - Sync 1 DAGs
[2026-08-02T00:04:48.894+0000] {logging_mixin.py:190} INFO - [2026-08-02T00:04:48.894+0000] {dag.py:4138} INFO - Setting next_dagrun for retail_etl to 2026-08-02 00:00:00+00:00, run_after=2026-08-03 00:00:00+00:00
[2026-08-02T00:04:48.904+0000] {processor.py:208} INFO - Processing /opt/airflow/dags/retail_pipeline.py took 0.121 seconds
[2026-08-02T00:05:19.230+0000] {processor.py:186} INFO - Started process (PID=172) to work on /opt/airflow/dags/retail_pipeline.py
[2026-08-02T00:05:19.232+0000] {processor.py:914} INFO - Processing file /opt/airflow/dags/retail_pipeline.py for tasks to queue
[2026-08-02T00:05:19.248+0000] {logging_mixin.py:190} INFO - [2026-08-02T00:05:19.246+0000] {dagbag.py:587} INFO - Filling up the DagBag from /opt/airflow/dags/retail_pipeline.py
[2026-08-02T00:05:19.276+0000] {processor.py:925} INFO - DAG(s) 'retail_etl' retrieved from /opt/airflow/dags/retail_pipeline.py
[2026-08-02T00:05:19.296+0000] {logging_mixin.py:190} INFO - [2026-08-02T00:05:19.296+0000] {dag.py:3211} INFO - Sync 1 DAGs
[2026-08-02T00:05:19.311+0000] {logging_mixin.py:190} INFO - [2026-08-02T00:05:19.311+0000] {dag.py:4138} INFO - Setting next_dagrun for retail_etl to 2026-08-02 00:00:00+00:00, run_after=2026-08-03 00:00:00+00:00
[2026-08-02T00:05:19.322+0000] {processor.py:208} INFO - Processing /opt/airflow/dags/retail_pipeline.py took 0.103 seconds
[2026-08-02T00:05:49.554+0000] {processor.py:186} INFO - Started process (PID=173) to work on /opt/airflow/dags/retail_pipeline.py
[2026-08-02T00:05:49.556+0000] {processor.py:914} INFO - Processing file /opt/airflow/dags/retail_pipeline.py for tasks to queue
[2026-08-02T00:05:49.572+0000] {logging_mixin.py:190} INFO - [2026-08-02T00:05:49.571+0000] {dagbag.py:587} INFO - Filling up the DagBag from /opt/airflow/dags/retail_pipeline.py
[2026-08-02T00:05:49.591+0000] {processor.py:925} INFO - DAG(s) 'retail_etl' retrieved from /opt/airflow/dags/retail_pipeline.py
[2026-08-02T00:05:49.613+0000] {logging_mixin.py:190} INFO - [2026-08-02T00:05:49.613+0000] {dag.py:3211} INFO - Sync 1 DAGs
[2026-08-02T00:05:49.630+0000] {logging_mixin.py:190} INFO - [2026-08-02T00:05:49.630+0000] {dag.py:4138} INFO - Setting next_dagrun for retail_etl to 2026-08-02 00:00:00+00:00, run_after=2026-08-03 00:00:00+00:00
[2026-08-02T00:05:49.639+0000] {processor.py:208} INFO - Processing /opt/airflow/dags/retail_pipeline.py took 0.094 seconds
[2026-08-02T00:06:19.947+0000] {processor.py:186} INFO - Started process (PID=174) to work on /opt/airflow/dags/retail_pipeline.py
[2026-08-02T00:06:19.948+0000] {processor.py:914} INFO - Processing file /opt/airflow/dags/retail_pipeline.py for tasks to queue
[2026-08-02T00:06:19.954+0000] {logging_mixin.py:190} INFO - [2026-08-02T00:06:19.954+0000] {dagbag.py:587} INFO - Filling up the DagBag from /opt/airflow/dags/retail_pipeline.py
[2026-08-02T00:06:19.986+0000] {processor.py:925} INFO - DAG(s) 'retail_etl' retrieved from /opt/airflow/dags/retail_pipeline.py
[2026-08-02T00:06:20.006+0000] {logging_mixin.py:190} INFO - [2026-08-02T00:06:20.006+0000] {dag.py:3211} INFO - Sync 1 DAGs
[2026-08-02T00:06:20.019+0000] {logging_mixin.py:190} INFO - [2026-08-02T00:06:20.019+0000] {dag.py:4138} INFO - Setting next_dagrun for retail_etl to 2026-08-02 00:00:00+00:00, run_after=2026-08-03 00:00:00+00:00
[2026-08-02T00:06:20.027+0000] {processor.py:208} INFO - Processing /opt/airflow/dags/retail_pipeline.py took 0.089 seconds
[2026-08-02T00:06:50.299+0000] {processor.py:186} INFO - Started process (PID=175) to work on /opt/airflow/dags/retail_pipeline.py
[2026-08-02T00:06:50.301+0000] {processor.py:914} INFO - Processing file /opt/airflow/dags/retail_pipeline.py for tasks to queue
[2026-08-02T00:06:50.309+0000] {logging_mixin.py:190} INFO - [2026-08-02T00:06:50.308+0000] {dagbag.py:587} INFO - Filling up the DagBag from /opt/airflow/dags/retail_pipeline.py
[2026-08-02T00:06:50.331+0000] {processor.py:925} INFO - DAG(s) 'retail_etl' retrieved from /opt/airflow/dags/retail_pipeline.py
[2026-08-02T00:06:50.359+0000] {logging_mixin.py:190} INFO - [2026-08-02T00:06:50.359+0000] {dag.py:3211} INFO - Sync 1 DAGs
[2026-08-02T00:06:50.379+0000] {logging_mixin.py:190} INFO - [2026-08-02T00:06:50.379+0000] {dag.py:4138} INFO - Setting next_dagrun for retail_etl to 2026-08-02 00:00:00+00:00, run_after=2026-08-03 00:00:00+00:00
[2026-08-02T00:06:50.390+0000] {processor.py:208} INFO - Processing /opt/airflow/dags/retail_pipeline.py took 0.104 seconds
[2026-08-02T00:07:20.664+0000] {processor.py:186} INFO - Started process (PID=176) to work on /opt/airflow/dags/retail_pipeline.py
[2026-08-02T00:07:20.666+0000] {processor.py:914} INFO - Processing file /opt/airflow/dags/retail_pipeline.py for tasks to queue
[2026-08-02T00:07:20.675+0000] {logging_mixin.py:190} INFO - [2026-08-02T00:07:20.669+0000] {dagbag.py:587} INFO - Filling up the DagBag from /opt/airflow/dags/retail_pipeline.py
[2026-08-02T00:07:20.702+0000] {processor.py:925} INFO - DAG(s) 'retail_etl' retrieved from /opt/airflow/dags/retail_pipeline.py
[2026-08-02T00:07:20.730+0000] {logging_mixin.py:190} INFO - [2026-08-02T00:07:20.730+0000] {dag.py:3211} INFO - Sync 1 DAGs
[2026-08-02T00:07:20.743+0000] {logging_mixin.py:190} INFO - [2026-08-02T00:07:20.743+0000] {dag.py:4138} INFO - Setting next_dagrun for retail_etl to 2026-08-02 00:00:00+00:00, run_after=2026-08-03 00:00:00+00:00
[2026-08-02T00:07:20.751+0000] {processor.py:208} INFO - Processing /opt/airflow/dags/retail_pipeline.py took 0.099 seconds
[2026-08-02T00:07:51.038+0000] {processor.py:186} INFO - Started process (PID=177) to work on /opt/airflow/dags/retail_pipeline.py
[2026-08-02T00:07:51.042+0000] {processor.py:914} INFO - Processing file /opt/airflow/dags/retail_pipeline.py for tasks to queue
[2026-08-02T00:07:51.047+0000] {logging_mixin.py:190} INFO - [2026-08-02T00:07:51.046+0000] {dagbag.py:587} INFO - Filling up the DagBag from /opt/airflow/dags/retail_pipeline.py
[2026-08-02T00:07:51.070+0000] {processor.py:925} INFO - DAG(s) 'retail_etl' retrieved from /opt/airflow/dags/retail_pipeline.py
[2026-08-02T00:07:51.104+0000] {logging_mixin.py:190} INFO - [2026-08-02T00:07:51.104+0000] {dag.py:3211} INFO - Sync 1 DAGs
[2026-08-02T00:07:51.129+0000] {logging_mixin.py:190} INFO - [2026-08-02T00:07:51.129+0000] {dag.py:4138} INFO - Setting next_dagrun for retail_etl to 2026-08-02 00:00:00+00:00, run_after=2026-08-03 00:00:00+00:00
[2026-08-02T00:07:51.141+0000] {processor.py:208} INFO - Processing /opt/airflow/dags/retail_pipeline.py took 0.127 seconds
[2026-08-02T00:08:21.287+0000] {processor.py:186} INFO - Started process (PID=178) to work on /opt/airflow/dags/retail_pipeline.py
[2026-08-02T00:08:21.288+0000] {processor.py:914} INFO - Processing file /opt/airflow/dags/retail_pipeline.py for tasks to queue
[2026-08-02T00:08:21.295+0000] {logging_mixin.py:190} INFO - [2026-08-02T00:08:21.294+0000] {dagbag.py:587} INFO - Filling up the DagBag from /opt/airflow/dags/retail_pipeline.py
[2026-08-02T00:08:21.320+0000] {processor.py:925} INFO - DAG(s) 'retail_etl' retrieved from /opt/airflow/dags/retail_pipeline.py
[2026-08-02T00:08:21.347+0000] {logging_mixin.py:190} INFO - [2026-08-02T00:08:21.347+0000] {dag.py:3211} INFO - Sync 1 DAGs
[2026-08-02T00:08:21.364+0000] {logging_mixin.py:190} INFO - [2026-08-02T00:08:21.363+0000] {dag.py:4138} INFO - Setting next_dagrun for retail_etl to 2026-08-02 00:00:00+00:00, run_after=2026-08-03 00:00:00+00:00
[2026-08-02T00:08:21.373+0000] {processor.py:208} INFO - Processing /opt/airflow/dags/retail_pipeline.py took 0.092 seconds
[2026-08-02T00:08:51.601+0000] {processor.py:186} INFO - Started process (PID=179) to work on /opt/airflow/dags/retail_pipeline.py
[2026-08-02T00:08:51.604+0000] {processor.py:914} INFO - Processing file /opt/airflow/dags/retail_pipeline.py for tasks to queue
[2026-08-02T00:08:51.609+0000] {logging_mixin.py:190} INFO - [2026-08-02T00:08:51.608+0000] {dagbag.py:587} INFO - Filling up the DagBag from /opt/airflow/dags/retail_pipeline.py
[2026-08-02T00:08:51.637+0000] {processor.py:925} INFO - DAG(s) 'retail_etl' retrieved from /opt/airflow/dags/retail_pipeline.py
[2026-08-02T00:08:51.662+0000] {logging_mixin.py:190} INFO - [2026-08-02T00:08:51.662+0000] {dag.py:3211} INFO - Sync 1 DAGs
[2026-08-02T00:08:51.679+0000] {logging_mixin.py:190} INFO - [2026-08-02T00:08:51.679+0000] {dag.py:4138} INFO - Setting next_dagrun for retail_etl to 2026-08-02 00:00:00+00:00, run_after=2026-08-03 00:00:00+00:00
[2026-08-02T00:08:51.687+0000] {processor.py:208} INFO - Processing /opt/airflow/dags/retail_pipeline.py took 0.102 seconds
[2026-08-02T00:09:22.018+0000] {processor.py:186} INFO - Started process (PID=180) to work on /opt/airflow/dags/retail_pipeline.py
[2026-08-02T00:09:22.021+0000] {processor.py:914} INFO - Processing file /opt/airflow/dags/retail_pipeline.py for tasks to queue
[2026-08-02T00:09:22.027+0000] {logging_mixin.py:190} INFO - [2026-08-02T00:09:22.027+0000] {dagbag.py:587} INFO - Filling up the DagBag from /opt/airflow/dags/retail_pipeline.py
[2026-08-02T00:09:22.051+0000] {processor.py:925} INFO - DAG(s) 'retail_etl' retrieved from /opt/airflow/dags/retail_pipeline.py
[2026-08-02T00:09:22.076+0000] {logging_mixin.py:190} INFO - [2026-08-02T00:09:22.076+0000] {dag.py:3211} INFO - Sync 1 DAGs
[2026-08-02T00:09:22.090+0000] {logging_mixin.py:190} INFO - [2026-08-02T00:09:22.090+0000] {dag.py:4138} INFO - Setting next_dagrun for retail_etl to 2026-08-02 00:00:00+00:00, run_after=2026-08-03 00:00:00+00:00
[2026-08-02T00:09:22.099+0000] {processor.py:208} INFO - Processing /opt/airflow/dags/retail_pipeline.py took 0.099 seconds
[2026-08-02T00:09:52.366+0000] {processor.py:186} INFO - Started process (PID=181) to work on /opt/airflow/dags/retail_pipeline.py
[2026-08-02T00:09:52.369+0000] {processor.py:914} INFO - Processing file /opt/airflow/dags/retail_pipeline.py for tasks to queue
[2026-08-02T00:09:52.381+0000] {logging_mixin.py:190} INFO - [2026-08-02T00:09:52.380+0000] {dagbag.py:587} INFO - Filling up the DagBag from /opt/airflow/dags/retail_pipeline.py
[2026-08-02T00:09:52.406+0000] {processor.py:925} INFO - DAG(s) 'retail_etl' retrieved from /opt/airflow/dags/retail_pipeline.py
[2026-08-02T00:09:52.436+0000] {logging_mixin.py:190} INFO - [2026-08-02T00:09:52.436+0000] {dag.py:3211} INFO - Sync 1 DAGs
[2026-08-02T00:09:52.452+0000] {logging_mixin.py:190} INFO - [2026-08-02T00:09:52.452+0000] {dag.py:4138} INFO - Setting next_dagrun for retail_etl to 2026-08-02 00:00:00+00:00, run_after=2026-08-03 00:00:00+00:00
[2026-08-02T00:09:52.460+0000] {processor.py:208} INFO - Processing /opt/airflow/dags/retail_pipeline.py took 0.105 seconds
[2026-08-02T00:10:22.765+0000] {processor.py:186} INFO - Started process (PID=182) to work on /opt/airflow/dags/retail_pipeline.py
[2026-08-02T00:10:22.766+0000] {processor.py:914} INFO - Processing file /opt/airflow/dags/retail_pipeline.py for tasks to queue
[2026-08-02T00:10:22.770+0000] {logging_mixin.py:190} INFO - [2026-08-02T00:10:22.769+0000] {dagbag.py:587} INFO - Filling up the DagBag from /opt/airflow/dags/retail_pipeline.py
[2026-08-02T00:10:22.789+0000] {processor.py:925} INFO - DAG(s) 'retail_etl' retrieved from /opt/airflow/dags/retail_pipeline.py
[2026-08-02T00:10:22.812+0000] {logging_mixin.py:190} INFO - [2026-08-02T00:10:22.812+0000] {dag.py:3211} INFO - Sync 1 DAGs
[2026-08-02T00:10:22.830+0000] {logging_mixin.py:190} INFO - [2026-08-02T00:10:22.830+0000] {dag.py:4138} INFO - Setting next_dagrun for retail_etl to 2026-08-02 00:00:00+00:00, run_after=2026-08-03 00:00:00+00:00
[2026-08-02T00:10:22.839+0000] {processor.py:208} INFO - Processing /opt/airflow/dags/retail_pipeline.py took 0.082 seconds
[2026-08-02T00:10:53.161+0000] {processor.py:186} INFO - Started process (PID=183) to work on /opt/airflow/dags/retail_pipeline.py
[2026-08-02T00:10:53.163+0000] {processor.py:914} INFO - Processing file /opt/airflow/dags/retail_pipeline.py for tasks to queue
[2026-08-02T00:10:53.169+0000] {logging_mixin.py:190} INFO - [2026-08-02T00:10:53.168+0000] {dagbag.py:587} INFO - Filling up the DagBag from /opt/airflow/dags/retail_pipeline.py
[2026-08-02T00:10:53.193+0000] {processor.py:925} INFO - DAG(s) 'retail_etl' retrieved from /opt/airflow/dags/retail_pipeline.py
[2026-08-02T00:10:53.227+0000] {logging_mixin.py:190} INFO - [2026-08-02T00:10:53.227+0000] {dag.py:3211} INFO - Sync 1 DAGs
[2026-08-02T00:10:53.246+0000] {logging_mixin.py:190} INFO - [2026-08-02T00:10:53.246+0000] {dag.py:4138} INFO - Setting next_dagrun for retail_etl to 2026-08-02 00:00:00+00:00, run_after=2026-08-03 00:00:00+00:00
[2026-08-02T00:10:53.255+0000] {processor.py:208} INFO - Processing /opt/airflow/dags/retail_pipeline.py took 0.106 seconds
[2026-08-02T00:11:23.463+0000] {processor.py:186} INFO - Started process (PID=184) to work on /opt/airflow/dags/retail_pipeline.py
[2026-08-02T00:11:23.465+0000] {processor.py:914} INFO - Processing file /opt/airflow/dags/retail_pipeline.py for tasks to queue
[2026-08-02T00:11:23.470+0000] {logging_mixin.py:190} INFO - [2026-08-02T00:11:23.470+0000] {dagbag.py:587} INFO - Filling up the DagBag from /opt/airflow/dags/retail_pipeline.py
[2026-08-02T00:11:23.497+0000] {processor.py:925} INFO - DAG(s) 'retail_etl' retrieved from /opt/airflow/dags/retail_pipeline.py
[2026-08-02T00:11:23.540+0000] {logging_mixin.py:190} INFO - [2026-08-02T00:11:23.540+0000] {dag.py:3211} INFO - Sync 1 DAGs
[2026-08-02T00:11:23.560+0000] {logging_mixin.py:190} INFO - [2026-08-02T00:11:23.560+0000] {dag.py:4138} INFO - Setting next_dagrun for retail_etl to 2026-08-02 00:00:00+00:00, run_after=2026-08-03 00:00:00+00:00
[2026-08-02T00:11:23.575+0000] {processor.py:208} INFO - Processing /opt/airflow/dags/retail_pipeline.py took 0.122 seconds
[2026-08-02T00:11:53.644+0000] {processor.py:186} INFO - Started process (PID=185) to work on /opt/airflow/dags/retail_pipeline.py
[2026-08-02T00:11:53.645+0000] {processor.py:914} INFO - Processing file /opt/airflow/dags/retail_pipeline.py for tasks to queue
[2026-08-02T00:11:53.648+0000] {logging_mixin.py:190} INFO - [2026-08-02T00:11:53.648+0000] {dagbag.py:587} INFO - Filling up the DagBag from /opt/airflow/dags/retail_pipeline.py
[2026-08-02T00:11:53.694+0000] {processor.py:925} INFO - DAG(s) 'retail_etl' retrieved from /opt/airflow/dags/retail_pipeline.py
[2026-08-02T00:11:53.721+0000] {logging_mixin.py:190} INFO - [2026-08-02T00:11:53.721+0000] {dag.py:3211} INFO - Sync 1 DAGs
[2026-08-02T00:11:53.745+0000] {logging_mixin.py:190} INFO - [2026-08-02T00:11:53.744+0000] {dag.py:4138} INFO - Setting next_dagrun for retail_etl to 2026-08-02 00:00:00+00:00, run_after=2026-08-03 00:00:00+00:00
[2026-08-02T00:11:53.762+0000] {processor.py:208} INFO - Processing /opt/airflow/dags/retail_pipeline.py took 0.126 seconds
[2026-08-02T00:12:24.112+0000] {processor.py:186} INFO - Started process (PID=186) to work on /opt/airflow/dags/retail_pipeline.py
[2026-08-02T00:12:24.114+0000] {processor.py:914} INFO - Processing file /opt/airflow/dags/retail_pipeline.py for tasks to queue
[2026-08-02T00:12:24.121+0000] {logging_mixin.py:190} INFO - [2026-08-02T00:12:24.120+0000] {dagbag.py:587} INFO - Filling up the DagBag from /opt/airflow/dags/retail_pipeline.py
[2026-08-02T00:12:24.151+0000] {processor.py:925} INFO - DAG(s) 'retail_etl' retrieved from /opt/airflow/dags/retail_pipeline.py
[2026-08-02T00:12:24.186+0000] {logging_mixin.py:190} INFO - [2026-08-02T00:12:24.186+0000] {dag.py:3211} INFO - Sync 1 DAGs
[2026-08-02T00:12:24.204+0000] {logging_mixin.py:190} INFO - [2026-08-02T00:12:24.203+0000] {dag.py:4138} INFO - Setting next_dagrun for retail_etl to 2026-08-02 00:00:00+00:00, run_after=2026-08-03 00:00:00+00:00
[2026-08-02T00:12:24.212+0000] {processor.py:208} INFO - Processing /opt/airflow/dags/retail_pipeline.py took 0.114 seconds
[2026-08-02T00:12:54.420+0000] {processor.py:186} INFO - Started process (PID=187) to work on /opt/airflow/dags/retail_pipeline.py
[2026-08-02T00:12:54.421+0000] {processor.py:914} INFO - Processing file /opt/airflow/dags/retail_pipeline.py for tasks to queue
[2026-08-02T00:12:54.425+0000] {logging_mixin.py:190} INFO - [2026-08-02T00:12:54.424+0000] {dagbag.py:587} INFO - Filling up the DagBag from /opt/airflow/dags/retail_pipeline.py
[2026-08-02T00:12:54.442+0000] {processor.py:925} INFO - DAG(s) 'retail_etl' retrieved from /opt/airflow/dags/retail_pipeline.py
[2026-08-02T00:12:54.465+0000] {logging_mixin.py:190} INFO - [2026-08-02T00:12:54.464+0000] {dag.py:3211} INFO - Sync 1 DAGs
[2026-08-02T00:12:54.481+0000] {logging_mixin.py:190} INFO - [2026-08-02T00:12:54.481+0000] {dag.py:4138} INFO - Setting next_dagrun for retail_etl to 2026-08-02 00:00:00+00:00, run_after=2026-08-03 00:00:00+00:00
[2026-08-02T00:12:54.488+0000] {processor.py:208} INFO - Processing /opt/airflow/dags/retail_pipeline.py took 0.077 seconds
[2026-08-02T00:13:24.829+0000] {processor.py:186} INFO - Started process (PID=188) to work on /opt/airflow/dags/retail_pipeline.py
[2026-08-02T00:13:24.832+0000] {processor.py:914} INFO - Processing file /opt/airflow/dags/retail_pipeline.py for tasks to queue
[2026-08-02T00:13:24.844+0000] {logging_mixin.py:190} INFO - [2026-08-02T00:13:24.841+0000] {dagbag.py:587} INFO - Filling up the DagBag from /opt/airflow/dags/retail_pipeline.py
[2026-08-02T00:13:24.865+0000] {processor.py:925} INFO - DAG(s) 'retail_etl' retrieved from /opt/airflow/dags/retail_pipeline.py
[2026-08-02T00:13:24.895+0000] {logging_mixin.py:190} INFO - [2026-08-02T00:13:24.895+0000] {dag.py:3211} INFO - Sync 1 DAGs
[2026-08-02T00:13:24.908+0000] {logging_mixin.py:190} INFO - [2026-08-02T00:13:24.908+0000] {dag.py:4138} INFO - Setting next_dagrun for retail_etl to 2026-08-02 00:00:00+00:00, run_after=2026-08-03 00:00:00+00:00
[2026-08-02T00:13:24.918+0000] {processor.py:208} INFO - Processing /opt/airflow/dags/retail_pipeline.py took 0.097 seconds
[2026-08-02T00:13:55.238+0000] {processor.py:186} INFO - Started process (PID=189) to work on /opt/airflow/dags/retail_pipeline.py
[2026-08-02T00:13:55.240+0000] {processor.py:914} INFO - Processing file /opt/airflow/dags/retail_pipeline.py for tasks to queue
[2026-08-02T00:13:55.246+0000] {logging_mixin.py:190} INFO - [2026-08-02T00:13:55.245+0000] {dagbag.py:587} INFO - Filling up the DagBag from /opt/airflow/dags/retail_pipeline.py
[2026-08-02T00:13:55.292+0000] {processor.py:925} INFO - DAG(s) 'retail_etl' retrieved from /opt/airflow/dags/retail_pipeline.py
[2026-08-02T00:13:55.331+0000] {logging_mixin.py:190} INFO - [2026-08-02T00:13:55.331+0000] {dag.py:3211} INFO - Sync 1 DAGs
[2026-08-02T00:13:55.346+0000] {logging_mixin.py:190} INFO - [2026-08-02T00:13:55.345+0000] {dag.py:4138} INFO - Setting next_dagrun for retail_etl to 2026-08-02 00:00:00+00:00, run_after=2026-08-03 00:00:00+00:00
[2026-08-02T00:13:55.354+0000] {processor.py:208} INFO - Processing /opt/airflow/dags/retail_pipeline.py took 0.126 seconds
[2026-08-02T00:14:25.586+0000] {processor.py:186} INFO - Started process (PID=190) to work on /opt/airflow/dags/retail_pipeline.py
[2026-08-02T00:14:25.589+0000] {processor.py:914} INFO - Processing file /opt/airflow/dags/retail_pipeline.py for tasks to queue
[2026-08-02T00:14:25.593+0000] {logging_mixin.py:190} INFO - [2026-08-02T00:14:25.593+0000] {dagbag.py:587} INFO - Filling up the DagBag from /opt/airflow/dags/retail_pipeline.py
[2026-08-02T00:14:25.614+0000] {processor.py:925} INFO - DAG(s) 'retail_etl' retrieved from /opt/airflow/dags/retail_pipeline.py
[2026-08-02T00:14:25.637+0000] {logging_mixin.py:190} INFO - [2026-08-02T00:14:25.637+0000] {dag.py:3211} INFO - Sync 1 DAGs
[2026-08-02T00:14:25.651+0000] {logging_mixin.py:190} INFO - [2026-08-02T00:14:25.651+0000] {dag.py:4138} INFO - Setting next_dagrun for retail_etl to 2026-08-02 00:00:00+00:00, run_after=2026-08-03 00:00:00+00:00
[2026-08-02T00:14:25.658+0000] {processor.py:208} INFO - Processing /opt/airflow/dags/retail_pipeline.py took 0.081 seconds
[2026-08-02T00:14:55.900+0000] {processor.py:186} INFO - Started process (PID=191) to work on /opt/airflow/dags/retail_pipeline.py
[2026-08-02T00:14:55.902+0000] {processor.py:914} INFO - Processing file /opt/airflow/dags/retail_pipeline.py for tasks to queue
[2026-08-02T00:14:55.906+0000] {logging_mixin.py:190} INFO - [2026-08-02T00:14:55.906+0000] {dagbag.py:587} INFO - Filling up the DagBag from /opt/airflow/dags/retail_pipeline.py
[2026-08-02T00:14:55.924+0000] {processor.py:925} INFO - DAG(s) 'retail_etl' retrieved from /opt/airflow/dags/retail_pipeline.py
[2026-08-02T00:14:55.946+0000] {logging_mixin.py:190} INFO - [2026-08-02T00:14:55.946+0000] {dag.py:3211} INFO - Sync 1 DAGs
[2026-08-02T00:14:55.959+0000] {logging_mixin.py:190} INFO - [2026-08-02T00:14:55.959+0000] {dag.py:4138} INFO - Setting next_dagrun for retail_etl to 2026-08-02 00:00:00+00:00, run_after=2026-08-03 00:00:00+00:00
[2026-08-02T00:14:55.967+0000] {processor.py:208} INFO - Processing /opt/airflow/dags/retail_pipeline.py took 0.076 seconds
[2026-08-02T00:15:26.256+0000] {processor.py:186} INFO - Started process (PID=192) to work on /opt/airflow/dags/retail_pipeline.py
[2026-08-02T00:15:26.257+0000] {processor.py:914} INFO - Processing file /opt/airflow/dags/retail_pipeline.py for tasks to queue
[2026-08-02T00:15:26.260+0000] {logging_mixin.py:190} INFO - [2026-08-02T00:15:26.260+0000] {dagbag.py:587} INFO - Filling up the DagBag from /opt/airflow/dags/retail_pipeline.py
[2026-08-02T00:15:26.275+0000] {processor.py:925} INFO - DAG(s) 'retail_etl' retrieved from /opt/airflow/dags/retail_pipeline.py
[2026-08-02T00:15:26.299+0000] {logging_mixin.py:190} INFO - [2026-08-02T00:15:26.299+0000] {dag.py:3211} INFO - Sync 1 DAGs
[2026-08-02T00:15:26.313+0000] {logging_mixin.py:190} INFO - [2026-08-02T00:15:26.313+0000] {dag.py:4138} INFO - Setting next_dagrun for retail_etl to 2026-08-02 00:00:00+00:00, run_after=2026-08-03 00:00:00+00:00
[2026-08-02T00:15:26.325+0000] {processor.py:208} INFO - Processing /opt/airflow/dags/retail_pipeline.py took 0.075 seconds
[2026-08-02T00:15:56.592+0000] {processor.py:186} INFO - Started process (PID=193) to work on /opt/airflow/dags/retail_pipeline.py
[2026-08-02T00:15:56.594+0000] {processor.py:914} INFO - Processing file /opt/airflow/dags/retail_pipeline.py for tasks to queue
[2026-08-02T00:15:56.599+0000] {logging_mixin.py:190} INFO - [2026-08-02T00:15:56.599+0000] {dagbag.py:587} INFO - Filling up the DagBag from /opt/airflow/dags/retail_pipeline.py
[2026-08-02T00:15:56.618+0000] {processor.py:925} INFO - DAG(s) 'retail_etl' retrieved from /opt/airflow/dags/retail_pipeline.py
[2026-08-02T00:15:56.638+0000] {logging_mixin.py:190} INFO - [2026-08-02T00:15:56.638+0000] {dag.py:3211} INFO - Sync 1 DAGs
[2026-08-02T00:15:56.650+0000] {logging_mixin.py:190} INFO - [2026-08-02T00:15:56.650+0000] {dag.py:4138} INFO - Setting next_dagrun for retail_etl to 2026-08-02 00:00:00+00:00, run_after=2026-08-03 00:00:00+00:00
[2026-08-02T00:15:56.660+0000] {processor.py:208} INFO - Processing /opt/airflow/dags/retail_pipeline.py took 0.083 seconds
[2026-08-02T00:16:26.952+0000] {processor.py:186} INFO - Started process (PID=194) to work on /opt/airflow/dags/retail_pipeline.py
[2026-08-02T00:16:26.956+0000] {processor.py:914} INFO - Processing file /opt/airflow/dags/retail_pipeline.py for tasks to queue
[2026-08-02T00:16:26.961+0000] {logging_mixin.py:190} INFO - [2026-08-02T00:16:26.960+0000] {dagbag.py:587} INFO - Filling up the DagBag from /opt/airflow/dags/retail_pipeline.py
[2026-08-02T00:16:26.988+0000] {processor.py:925} INFO - DAG(s) 'retail_etl' retrieved from /opt/airflow/dags/retail_pipeline.py
[2026-08-02T00:16:27.013+0000] {logging_mixin.py:190} INFO - [2026-08-02T00:16:27.013+0000] {dag.py:3211} INFO - Sync 1 DAGs
[2026-08-02T00:16:27.033+0000] {logging_mixin.py:190} INFO - [2026-08-02T00:16:27.032+0000] {dag.py:4138} INFO - Setting next_dagrun for retail_etl to 2026-08-02 00:00:00+00:00, run_after=2026-08-03 00:00:00+00:00
[2026-08-02T00:16:27.046+0000] {processor.py:208} INFO - Processing /opt/airflow/dags/retail_pipeline.py took 0.128 seconds
[2026-08-02T00:16:57.329+0000] {processor.py:186} INFO - Started process (PID=195) to work on /opt/airflow/dags/retail_pipeline.py
[2026-08-02T00:16:57.331+0000] {processor.py:914} INFO - Processing file /opt/airflow/dags/retail_pipeline.py for tasks to queue
[2026-08-02T00:16:57.338+0000] {logging_mixin.py:190} INFO - [2026-08-02T00:16:57.338+0000] {dagbag.py:587} INFO - Filling up the DagBag from /opt/airflow/dags/retail_pipeline.py
[2026-08-02T00:16:57.361+0000] {processor.py:925} INFO - DAG(s) 'retail_etl' retrieved from /opt/airflow/dags/retail_pipeline.py
[2026-08-02T00:16:57.396+0000] {logging_mixin.py:190} INFO - [2026-08-02T00:16:57.396+0000] {dag.py:3211} INFO - Sync 1 DAGs
[2026-08-02T00:16:57.416+0000] {logging_mixin.py:190} INFO - [2026-08-02T00:16:57.416+0000] {dag.py:4138} INFO - Setting next_dagrun for retail_etl to 2026-08-02 00:00:00+00:00, run_after=2026-08-03 00:00:00+00:00
[2026-08-02T00:16:57.426+0000] {processor.py:208} INFO - Processing /opt/airflow/dags/retail_pipeline.py took 0.111 seconds
[2026-08-02T00:17:27.688+0000] {processor.py:186} INFO - Started process (PID=196) to work on /opt/airflow/dags/retail_pipeline.py
[2026-08-02T00:17:27.691+0000] {processor.py:914} INFO - Processing file /opt/airflow/dags/retail_pipeline.py for tasks to queue
[2026-08-02T00:17:27.699+0000] {logging_mixin.py:190} INFO - [2026-08-02T00:17:27.698+0000] {dagbag.py:587} INFO - Filling up the DagBag from /opt/airflow/dags/retail_pipeline.py
[2026-08-02T00:17:27.720+0000] {processor.py:925} INFO - DAG(s) 'retail_etl' retrieved from /opt/airflow/dags/retail_pipeline.py
[2026-08-02T00:17:27.743+0000] {logging_mixin.py:190} INFO - [2026-08-02T00:17:27.742+0000] {dag.py:3211} INFO - Sync 1 DAGs
[2026-08-02T00:17:27.762+0000] {logging_mixin.py:190} INFO - [2026-08-02T00:17:27.762+0000] {dag.py:4138} INFO - Setting next_dagrun for retail_etl to 2026-08-02 00:00:00+00:00, run_after=2026-08-03 00:00:00+00:00
[2026-08-02T00:17:27.773+0000] {processor.py:208} INFO - Processing /opt/airflow/dags/retail_pipeline.py took 0.108 seconds
[2026-08-02T00:17:58.124+0000] {processor.py:186} INFO - Started process (PID=197) to work on /opt/airflow/dags/retail_pipeline.py
[2026-08-02T00:17:58.129+0000] {processor.py:914} INFO - Processing file /opt/airflow/dags/retail_pipeline.py for tasks to queue
[2026-08-02T00:17:58.139+0000] {logging_mixin.py:190} INFO - [2026-08-02T00:17:58.138+0000] {dagbag.py:587} INFO - Filling up the DagBag from /opt/airflow/dags/retail_pipeline.py
[2026-08-02T00:17:58.167+0000] {processor.py:925} INFO - DAG(s) 'retail_etl' retrieved from /opt/airflow/dags/retail_pipeline.py
[2026-08-02T00:17:58.215+0000] {logging_mixin.py:190} INFO - [2026-08-02T00:17:58.215+0000] {dag.py:3211} INFO - Sync 1 DAGs
[2026-08-02T00:17:58.233+0000] {logging_mixin.py:190} INFO - [2026-08-02T00:17:58.233+0000] {dag.py:4138} INFO - Setting next_dagrun for retail_etl to 2026-08-02 00:00:00+00:00, run_after=2026-08-03 00:00:00+00:00
[2026-08-02T00:17:58.243+0000] {processor.py:208} INFO - Processing /opt/airflow/dags/retail_pipeline.py took 0.143 seconds
[2026-08-02T00:18:28.514+0000] {processor.py:186} INFO - Started process (PID=198) to work on /opt/airflow/dags/retail_pipeline.py
[2026-08-02T00:18:28.516+0000] {processor.py:914} INFO - Processing file /opt/airflow/dags/retail_pipeline.py for tasks to queue
[2026-08-02T00:18:28.521+0000] {logging_mixin.py:190} INFO - [2026-08-02T00:18:28.520+0000] {dagbag.py:587} INFO - Filling up the DagBag from /opt/airflow/dags/retail_pipeline.py
[2026-08-02T00:18:28.548+0000] {processor.py:925} INFO - DAG(s) 'retail_etl' retrieved from /opt/airflow/dags/retail_pipeline.py
[2026-08-02T00:18:28.580+0000] {logging_mixin.py:190} INFO - [2026-08-02T00:18:28.580+0000] {dag.py:3211} INFO - Sync 1 DAGs
[2026-08-02T00:18:28.598+0000] {logging_mixin.py:190} INFO - [2026-08-02T00:18:28.598+0000] {dag.py:4138} INFO - Setting next_dagrun for retail_etl to 2026-08-02 00:00:00+00:00, run_after=2026-08-03 00:00:00+00:00
[2026-08-02T00:18:28.608+0000] {processor.py:208} INFO - Processing /opt/airflow/dags/retail_pipeline.py took 0.114 seconds
[2026-08-02T00:18:58.900+0000] {processor.py:186} INFO - Started process (PID=199) to work on /opt/airflow/dags/retail_pipeline.py
[2026-08-02T00:18:58.902+0000] {processor.py:914} INFO - Processing file /opt/airflow/dags/retail_pipeline.py for tasks to queue
[2026-08-02T00:18:58.914+0000] {logging_mixin.py:190} INFO - [2026-08-02T00:18:58.912+0000] {dagbag.py:587} INFO - Filling up the DagBag from /opt/airflow/dags/retail_pipeline.py
[2026-08-02T00:18:58.938+0000] {processor.py:925} INFO - DAG(s) 'retail_etl' retrieved from /opt/airflow/dags/retail_pipeline.py
[2026-08-02T00:18:58.972+0000] {logging_mixin.py:190} INFO - [2026-08-02T00:18:58.972+0000] {dag.py:3211} INFO - Sync 1 DAGs
[2026-08-02T00:18:58.992+0000] {logging_mixin.py:190} INFO - [2026-08-02T00:18:58.992+0000] {dag.py:4138} INFO - Setting next_dagrun for retail_etl to 2026-08-02 00:00:00+00:00, run_after=2026-08-03 00:00:00+00:00
[2026-08-02T00:18:59.002+0000] {processor.py:208} INFO - Processing /opt/airflow/dags/retail_pipeline.py took 0.110 seconds
[2026-08-02T00:19:29.265+0000] {processor.py:186} INFO - Started process (PID=200) to work on /opt/airflow/dags/retail_pipeline.py
[2026-08-02T00:19:29.269+0000] {processor.py:914} INFO - Processing file /opt/airflow/dags/retail_pipeline.py for tasks to queue
[2026-08-02T00:19:29.278+0000] {logging_mixin.py:190} INFO - [2026-08-02T00:19:29.278+0000] {dagbag.py:587} INFO - Filling up the DagBag from /opt/airflow/dags/retail_pipeline.py
[2026-08-02T00:19:29.312+0000] {processor.py:925} INFO - DAG(s) 'retail_etl' retrieved from /opt/airflow/dags/retail_pipeline.py
[2026-08-02T00:19:29.350+0000] {logging_mixin.py:190} INFO - [2026-08-02T00:19:29.350+0000] {dag.py:3211} INFO - Sync 1 DAGs
[2026-08-02T00:19:29.375+0000] {logging_mixin.py:190} INFO - [2026-08-02T00:19:29.375+0000] {dag.py:4138} INFO - Setting next_dagrun for retail_etl to 2026-08-02 00:00:00+00:00, run_after=2026-08-03 00:00:00+00:00
[2026-08-02T00:19:29.387+0000] {processor.py:208} INFO - Processing /opt/airflow/dags/retail_pipeline.py took 0.132 seconds
[2026-08-02T00:19:59.748+0000] {processor.py:186} INFO - Started process (PID=201) to work on /opt/airflow/dags/retail_pipeline.py
[2026-08-02T00:19:59.752+0000] {processor.py:914} INFO - Processing file /opt/airflow/dags/retail_pipeline.py for tasks to queue
[2026-08-02T00:19:59.757+0000] {logging_mixin.py:190} INFO - [2026-08-02T00:19:59.756+0000] {dagbag.py:587} INFO - Filling up the DagBag from /opt/airflow/dags/retail_pipeline.py
[2026-08-02T00:19:59.775+0000] {processor.py:925} INFO - DAG(s) 'retail_etl' retrieved from /opt/airflow/dags/retail_pipeline.py
[2026-08-02T00:19:59.806+0000] {logging_mixin.py:190} INFO - [2026-08-02T00:19:59.806+0000] {dag.py:3211} INFO - Sync 1 DAGs
[2026-08-02T00:19:59.826+0000] {logging_mixin.py:190} INFO - [2026-08-02T00:19:59.826+0000] {dag.py:4138} INFO - Setting next_dagrun for retail_etl to 2026-08-02 00:00:00+00:00, run_after=2026-08-03 00:00:00+00:00
[2026-08-02T00:19:59.839+0000] {processor.py:208} INFO - Processing /opt/airflow/dags/retail_pipeline.py took 0.111 seconds
[2026-08-02T00:20:30.126+0000] {processor.py:186} INFO - Started process (PID=202) to work on /opt/airflow/dags/retail_pipeline.py
[2026-08-02T00:20:30.132+0000] {processor.py:914} INFO - Processing file /opt/airflow/dags/retail_pipeline.py for tasks to queue
[2026-08-02T00:20:30.144+0000] {logging_mixin.py:190} INFO - [2026-08-02T00:20:30.143+0000] {dagbag.py:587} INFO - Filling up the DagBag from /opt/airflow/dags/retail_pipeline.py
[2026-08-02T00:20:30.169+0000] {processor.py:925} INFO - DAG(s) 'retail_etl' retrieved from /opt/airflow/dags/retail_pipeline.py
[2026-08-02T00:20:30.193+0000] {logging_mixin.py:190} INFO - [2026-08-02T00:20:30.193+0000] {dag.py:3211} INFO - Sync 1 DAGs
[2026-08-02T00:20:30.211+0000] {logging_mixin.py:190} INFO - [2026-08-02T00:20:30.211+0000] {dag.py:4138} INFO - Setting next_dagrun for retail_etl to 2026-08-02 00:00:00+00:00, run_after=2026-08-03 00:00:00+00:00
[2026-08-02T00:20:30.224+0000] {processor.py:208} INFO - Processing /opt/airflow/dags/retail_pipeline.py took 0.113 seconds
[2026-08-02T00:21:00.502+0000] {processor.py:186} INFO - Started process (PID=203) to work on /opt/airflow/dags/retail_pipeline.py
[2026-08-02T00:21:00.504+0000] {processor.py:914} INFO - Processing file /opt/airflow/dags/retail_pipeline.py for tasks to queue
[2026-08-02T00:21:00.510+0000] {logging_mixin.py:190} INFO - [2026-08-02T00:21:00.508+0000] {dagbag.py:587} INFO - Filling up the DagBag from /opt/airflow/dags/retail_pipeline.py
[2026-08-02T00:21:00.528+0000] {processor.py:925} INFO - DAG(s) 'retail_etl' retrieved from /opt/airflow/dags/retail_pipeline.py
[2026-08-02T00:21:00.558+0000] {logging_mixin.py:190} INFO - [2026-08-02T00:21:00.557+0000] {dag.py:3211} INFO - Sync 1 DAGs
[2026-08-02T00:21:00.573+0000] {logging_mixin.py:190} INFO - [2026-08-02T00:21:00.573+0000] {dag.py:4138} INFO - Setting next_dagrun for retail_etl to 2026-08-02 00:00:00+00:00, run_after=2026-08-03 00:00:00+00:00
[2026-08-02T00:21:00.586+0000] {processor.py:208} INFO - Processing /opt/airflow/dags/retail_pipeline.py took 0.093 seconds
[2026-08-02T00:21:30.978+0000] {processor.py:186} INFO - Started process (PID=204) to work on /opt/airflow/dags/retail_pipeline.py
[2026-08-02T00:21:30.980+0000] {processor.py:914} INFO - Processing file /opt/airflow/dags/retail_pipeline.py for tasks to queue
[2026-08-02T00:21:30.988+0000] {logging_mixin.py:190} INFO - [2026-08-02T00:21:30.987+0000] {dagbag.py:587} INFO - Filling up the DagBag from /opt/airflow/dags/retail_pipeline.py
[2026-08-02T00:21:31.027+0000] {processor.py:925} INFO - DAG(s) 'retail_etl' retrieved from /opt/airflow/dags/retail_pipeline.py
[2026-08-02T00:21:31.062+0000] {logging_mixin.py:190} INFO - [2026-08-02T00:21:31.062+0000] {dag.py:3211} INFO - Sync 1 DAGs
[2026-08-02T00:21:31.082+0000] {logging_mixin.py:190} INFO - [2026-08-02T00:21:31.082+0000] {dag.py:4138} INFO - Setting next_dagrun for retail_etl to 2026-08-02 00:00:00+00:00, run_after=2026-08-03 00:00:00+00:00
[2026-08-02T00:21:31.093+0000] {processor.py:208} INFO - Processing /opt/airflow/dags/retail_pipeline.py took 0.123 seconds
[2026-08-02T00:22:01.439+0000] {processor.py:186} INFO - Started process (PID=205) to work on /opt/airflow/dags/retail_pipeline.py
[2026-08-02T00:22:01.440+0000] {processor.py:914} INFO - Processing file /opt/airflow/dags/retail_pipeline.py for tasks to queue
[2026-08-02T00:22:01.449+0000] {logging_mixin.py:190} INFO - [2026-08-02T00:22:01.446+0000] {dagbag.py:587} INFO - Filling up the DagBag from /opt/airflow/dags/retail_pipeline.py
[2026-08-02T00:22:01.476+0000] {processor.py:925} INFO - DAG(s) 'retail_etl' retrieved from /opt/airflow/dags/retail_pipeline.py
[2026-08-02T00:22:01.512+0000] {logging_mixin.py:190} INFO - [2026-08-02T00:22:01.512+0000] {dag.py:3211} INFO - Sync 1 DAGs
[2026-08-02T00:22:01.534+0000] {logging_mixin.py:190} INFO - [2026-08-02T00:22:01.534+0000] {dag.py:4138} INFO - Setting next_dagrun for retail_etl to 2026-08-02 00:00:00+00:00, run_after=2026-08-03 00:00:00+00:00
[2026-08-02T00:22:01.544+0000] {processor.py:208} INFO - Processing /opt/airflow/dags/retail_pipeline.py took 0.117 seconds
[2026-08-02T00:22:31.762+0000] {processor.py:186} INFO - Started process (PID=206) to work on /opt/airflow/dags/retail_pipeline.py
[2026-08-02T00:22:31.767+0000] {processor.py:914} INFO - Processing file /opt/airflow/dags/retail_pipeline.py for tasks to queue
[2026-08-02T00:22:31.781+0000] {logging_mixin.py:190} INFO - [2026-08-02T00:22:31.779+0000] {dagbag.py:587} INFO - Filling up the DagBag from /opt/airflow/dags/retail_pipeline.py
[2026-08-02T00:22:31.809+0000] {processor.py:925} INFO - DAG(s) 'retail_etl' retrieved from /opt/airflow/dags/retail_pipeline.py
[2026-08-02T00:22:31.834+0000] {logging_mixin.py:190} INFO - [2026-08-02T00:22:31.834+0000] {dag.py:3211} INFO - Sync 1 DAGs
[2026-08-02T00:22:31.850+0000] {logging_mixin.py:190} INFO - [2026-08-02T00:22:31.850+0000] {dag.py:4138} INFO - Setting next_dagrun for retail_etl to 2026-08-02 00:00:00+00:00, run_after=2026-08-03 00:00:00+00:00
[2026-08-02T00:22:31.860+0000] {processor.py:208} INFO - Processing /opt/airflow/dags/retail_pipeline.py took 0.114 seconds
[2026-08-02T00:23:02.121+0000] {processor.py:186} INFO - Started process (PID=207) to work on /opt/airflow/dags/retail_pipeline.py
[2026-08-02T00:23:02.124+0000] {processor.py:914} INFO - Processing file /opt/airflow/dags/retail_pipeline.py for tasks to queue
[2026-08-02T00:23:02.135+0000] {logging_mixin.py:190} INFO - [2026-08-02T00:23:02.134+0000] {dagbag.py:587} INFO - Filling up the DagBag from /opt/airflow/dags/retail_pipeline.py
[2026-08-02T00:23:02.162+0000] {processor.py:925} INFO - DAG(s) 'retail_etl' retrieved from /opt/airflow/dags/retail_pipeline.py
[2026-08-02T00:23:02.191+0000] {logging_mixin.py:190} INFO - [2026-08-02T00:23:02.191+0000] {dag.py:3211} INFO - Sync 1 DAGs
[2026-08-02T00:23:02.211+0000] {logging_mixin.py:190} INFO - [2026-08-02T00:23:02.211+0000] {dag.py:4138} INFO - Setting next_dagrun for retail_etl to 2026-08-02 00:00:00+00:00, run_after=2026-08-03 00:00:00+00:00
[2026-08-02T00:23:02.221+0000] {processor.py:208} INFO - Processing /opt/airflow/dags/retail_pipeline.py took 0.112 seconds
[2026-08-02T00:23:32.463+0000] {processor.py:186} INFO - Started process (PID=208) to work on /opt/airflow/dags/retail_pipeline.py
[2026-08-02T00:23:32.465+0000] {processor.py:914} INFO - Processing file /opt/airflow/dags/retail_pipeline.py for tasks to queue
[2026-08-02T00:23:32.473+0000] {logging_mixin.py:190} INFO - [2026-08-02T00:23:32.472+0000] {dagbag.py:587} INFO - Filling up the DagBag from /opt/airflow/dags/retail_pipeline.py
[2026-08-02T00:23:32.500+0000] {processor.py:925} INFO - DAG(s) 'retail_etl' retrieved from /opt/airflow/dags/retail_pipeline.py
[2026-08-02T00:23:32.536+0000] {logging_mixin.py:190} INFO - [2026-08-02T00:23:32.536+0000] {dag.py:3211} INFO - Sync 1 DAGs
[2026-08-02T00:23:32.554+0000] {logging_mixin.py:190} INFO - [2026-08-02T00:23:32.553+0000] {dag.py:4138} INFO - Setting next_dagrun for retail_etl to 2026-08-02 00:00:00+00:00, run_after=2026-08-03 00:00:00+00:00
[2026-08-02T00:23:32.567+0000] {processor.py:208} INFO - Processing /opt/airflow/dags/retail_pipeline.py took 0.113 seconds
[2026-08-02T00:24:02.890+0000] {processor.py:186} INFO - Started process (PID=209) to work on /opt/airflow/dags/retail_pipeline.py
[2026-08-02T00:24:02.892+0000] {processor.py:914} INFO - Processing file /opt/airflow/dags/retail_pipeline.py for tasks to queue
[2026-08-02T00:24:02.896+0000] {logging_mixin.py:190} INFO - [2026-08-02T00:24:02.896+0000] {dagbag.py:587} INFO - Filling up the DagBag from /opt/airflow/dags/retail_pipeline.py
[2026-08-02T00:24:02.926+0000] {processor.py:925} INFO - DAG(s) 'retail_etl' retrieved from /opt/airflow/dags/retail_pipeline.py
[2026-08-02T00:24:02.952+0000] {logging_mixin.py:190} INFO - [2026-08-02T00:24:02.952+0000] {dag.py:3211} INFO - Sync 1 DAGs
[2026-08-02T00:24:02.971+0000] {logging_mixin.py:190} INFO - [2026-08-02T00:24:02.970+0000] {dag.py:4138} INFO - Setting next_dagrun for retail_etl to 2026-08-02 00:00:00+00:00, run_after=2026-08-03 00:00:00+00:00
[2026-08-02T00:24:02.981+0000] {processor.py:208} INFO - Processing /opt/airflow/dags/retail_pipeline.py took 0.099 seconds
[2026-08-02T00:24:33.243+0000] {processor.py:186} INFO - Started process (PID=210) to work on /opt/airflow/dags/retail_pipeline.py
[2026-08-02T00:24:33.246+0000] {processor.py:914} INFO - Processing file /opt/airflow/dags/retail_pipeline.py for tasks to queue
[2026-08-02T00:24:33.252+0000] {logging_mixin.py:190} INFO - [2026-08-02T00:24:33.251+0000] {dagbag.py:587} INFO - Filling up the DagBag from /opt/airflow/dags/retail_pipeline.py
[2026-08-02T00:24:33.277+0000] {processor.py:925} INFO - DAG(s) 'retail_etl' retrieved from /opt/airflow/dags/retail_pipeline.py
[2026-08-02T00:24:33.305+0000] {logging_mixin.py:190} INFO - [2026-08-02T00:24:33.305+0000] {dag.py:3211} INFO - Sync 1 DAGs
[2026-08-02T00:24:33.325+0000] {logging_mixin.py:190} INFO - [2026-08-02T00:24:33.325+0000] {dag.py:4138} INFO - Setting next_dagrun for retail_etl to 2026-08-02 00:00:00+00:00, run_after=2026-08-03 00:00:00+00:00
[2026-08-02T00:24:33.340+0000] {processor.py:208} INFO - Processing /opt/airflow/dags/retail_pipeline.py took 0.107 seconds
[2026-08-02T00:25:03.611+0000] {processor.py:186} INFO - Started process (PID=211) to work on /opt/airflow/dags/retail_pipeline.py
[2026-08-02T00:25:03.614+0000] {processor.py:914} INFO - Processing file /opt/airflow/dags/retail_pipeline.py for tasks to queue
[2026-08-02T00:25:03.627+0000] {logging_mixin.py:190} INFO - [2026-08-02T00:25:03.625+0000] {dagbag.py:587} INFO - Filling up the DagBag from /opt/airflow/dags/retail_pipeline.py
[2026-08-02T00:25:03.657+0000] {processor.py:925} INFO - DAG(s) 'retail_etl' retrieved from /opt/airflow/dags/retail_pipeline.py
[2026-08-02T00:25:03.688+0000] {logging_mixin.py:190} INFO - [2026-08-02T00:25:03.688+0000] {dag.py:3211} INFO - Sync 1 DAGs
[2026-08-02T00:25:03.713+0000] {logging_mixin.py:190} INFO - [2026-08-02T00:25:03.713+0000] {dag.py:4138} INFO - Setting next_dagrun for retail_etl to 2026-08-02 00:00:00+00:00, run_after=2026-08-03 00:00:00+00:00
[2026-08-02T00:25:03.724+0000] {processor.py:208} INFO - Processing /opt/airflow/dags/retail_pipeline.py took 0.124 seconds
[2026-08-02T00:25:33.993+0000] {processor.py:186} INFO - Started process (PID=212) to work on /opt/airflow/dags/retail_pipeline.py
[2026-08-02T00:25:33.996+0000] {processor.py:914} INFO - Processing file /opt/airflow/dags/retail_pipeline.py for tasks to queue
[2026-08-02T00:25:34.002+0000] {logging_mixin.py:190} INFO - [2026-08-02T00:25:34.002+0000] {dagbag.py:587} INFO - Filling up the DagBag from /opt/airflow/dags/retail_pipeline.py
[2026-08-02T00:25:34.040+0000] {processor.py:925} INFO - DAG(s) 'retail_etl' retrieved from /opt/airflow/dags/retail_pipeline.py
[2026-08-02T00:25:34.072+0000] {logging_mixin.py:190} INFO - [2026-08-02T00:25:34.072+0000] {dag.py:3211} INFO - Sync 1 DAGs
[2026-08-02T00:25:34.092+0000] {logging_mixin.py:190} INFO - [2026-08-02T00:25:34.092+0000] {dag.py:4138} INFO - Setting next_dagrun for retail_etl to 2026-08-02 00:00:00+00:00, run_after=2026-08-03 00:00:00+00:00
[2026-08-02T00:25:34.102+0000] {processor.py:208} INFO - Processing /opt/airflow/dags/retail_pipeline.py took 0.128 seconds
[2026-08-02T00:26:04.366+0000] {processor.py:186} INFO - Started process (PID=213) to work on /opt/airflow/dags/retail_pipeline.py
[2026-08-02T00:26:04.369+0000] {processor.py:914} INFO - Processing file /opt/airflow/dags/retail_pipeline.py for tasks to queue
[2026-08-02T00:26:04.375+0000] {logging_mixin.py:190} INFO - [2026-08-02T00:26:04.374+0000] {dagbag.py:587} INFO - Filling up the DagBag from /opt/airflow/dags/retail_pipeline.py
[2026-08-02T00:26:04.398+0000] {processor.py:925} INFO - DAG(s) 'retail_etl' retrieved from /opt/airflow/dags/retail_pipeline.py
[2026-08-02T00:26:04.427+0000] {logging_mixin.py:190} INFO - [2026-08-02T00:26:04.427+0000] {dag.py:3211} INFO - Sync 1 DAGs
[2026-08-02T00:26:04.451+0000] {logging_mixin.py:190} INFO - [2026-08-02T00:26:04.451+0000] {dag.py:4138} INFO - Setting next_dagrun for retail_etl to 2026-08-02 00:00:00+00:00, run_after=2026-08-03 00:00:00+00:00
[2026-08-02T00:26:04.460+0000] {processor.py:208} INFO - Processing /opt/airflow/dags/retail_pipeline.py took 0.114 seconds
[2026-08-02T00:26:34.709+0000] {processor.py:186} INFO - Started process (PID=214) to work on /opt/airflow/dags/retail_pipeline.py
[2026-08-02T00:26:34.711+0000] {processor.py:914} INFO - Processing file /opt/airflow/dags/retail_pipeline.py for tasks to queue
[2026-08-02T00:26:34.714+0000] {logging_mixin.py:190} INFO - [2026-08-02T00:26:34.714+0000] {dagbag.py:587} INFO - Filling up the DagBag from /opt/airflow/dags/retail_pipeline.py
[2026-08-02T00:26:34.736+0000] {processor.py:925} INFO - DAG(s) 'retail_etl' retrieved from /opt/airflow/dags/retail_pipeline.py
[2026-08-02T00:26:34.763+0000] {logging_mixin.py:190} INFO - [2026-08-02T00:26:34.763+0000] {dag.py:3211} INFO - Sync 1 DAGs
[2026-08-02T00:26:34.781+0000] {logging_mixin.py:190} INFO - [2026-08-02T00:26:34.781+0000] {dag.py:4138} INFO - Setting next_dagrun for retail_etl to 2026-08-02 00:00:00+00:00, run_after=2026-08-03 00:00:00+00:00
[2026-08-02T00:26:34.791+0000] {processor.py:208} INFO - Processing /opt/airflow/dags/retail_pipeline.py took 0.093 seconds
[2026-08-02T00:27:05.082+0000] {processor.py:186} INFO - Started process (PID=215) to work on /opt/airflow/dags/retail_pipeline.py
[2026-08-02T00:27:05.084+0000] {processor.py:914} INFO - Processing file /opt/airflow/dags/retail_pipeline.py for tasks to queue
[2026-08-02T00:27:05.090+0000] {logging_mixin.py:190} INFO - [2026-08-02T00:27:05.089+0000] {dagbag.py:587} INFO - Filling up the DagBag from /opt/airflow/dags/retail_pipeline.py
[2026-08-02T00:27:05.123+0000] {processor.py:925} INFO - DAG(s) 'retail_etl' retrieved from /opt/airflow/dags/retail_pipeline.py
[2026-08-02T00:27:05.152+0000] {logging_mixin.py:190} INFO - [2026-08-02T00:27:05.152+0000] {dag.py:3211} INFO - Sync 1 DAGs
[2026-08-02T00:27:05.167+0000] {logging_mixin.py:190} INFO - [2026-08-02T00:27:05.167+0000] {dag.py:4138} INFO - Setting next_dagrun for retail_etl to 2026-08-02 00:00:00+00:00, run_after=2026-08-03 00:00:00+00:00
[2026-08-02T00:27:05.176+0000] {processor.py:208} INFO - Processing /opt/airflow/dags/retail_pipeline.py took 0.113 seconds
[2026-08-02T00:27:35.445+0000] {processor.py:186} INFO - Started process (PID=216) to work on /opt/airflow/dags/retail_pipeline.py
[2026-08-02T00:27:35.447+0000] {processor.py:914} INFO - Processing file /opt/airflow/dags/retail_pipeline.py for tasks to queue
[2026-08-02T00:27:35.457+0000] {logging_mixin.py:190} INFO - [2026-08-02T00:27:35.456+0000] {dagbag.py:587} INFO - Filling up the DagBag from /opt/airflow/dags/retail_pipeline.py
[2026-08-02T00:27:35.493+0000] {processor.py:925} INFO - DAG(s) 'retail_etl' retrieved from /opt/airflow/dags/retail_pipeline.py
[2026-08-02T00:27:35.545+0000] {logging_mixin.py:190} INFO - [2026-08-02T00:27:35.545+0000] {dag.py:3211} INFO - Sync 1 DAGs
[2026-08-02T00:27:35.578+0000] {logging_mixin.py:190} INFO - [2026-08-02T00:27:35.577+0000] {dag.py:4138} INFO - Setting next_dagrun for retail_etl to 2026-08-02 00:00:00+00:00, run_after=2026-08-03 00:00:00+00:00
[2026-08-02T00:27:35.592+0000] {processor.py:208} INFO - Processing /opt/airflow/dags/retail_pipeline.py took 0.164 seconds
[2026-08-02T00:28:05.846+0000] {processor.py:186} INFO - Started process (PID=217) to work on /opt/airflow/dags/retail_pipeline.py
[2026-08-02T00:28:05.848+0000] {processor.py:914} INFO - Processing file /opt/airflow/dags/retail_pipeline.py for tasks to queue
[2026-08-02T00:28:05.853+0000] {logging_mixin.py:190} INFO - [2026-08-02T00:28:05.852+0000] {dagbag.py:587} INFO - Filling up the DagBag from /opt/airflow/dags/retail_pipeline.py
[2026-08-02T00:28:05.881+0000] {processor.py:925} INFO - DAG(s) 'retail_etl' retrieved from /opt/airflow/dags/retail_pipeline.py
[2026-08-02T00:28:05.920+0000] {logging_mixin.py:190} INFO - [2026-08-02T00:28:05.920+0000] {dag.py:3211} INFO - Sync 1 DAGs
[2026-08-02T00:28:05.937+0000] {logging_mixin.py:190} INFO - [2026-08-02T00:28:05.937+0000] {dag.py:4138} INFO - Setting next_dagrun for retail_etl to 2026-08-02 00:00:00+00:00, run_after=2026-08-03 00:00:00+00:00
[2026-08-02T00:28:05.947+0000] {processor.py:208} INFO - Processing /opt/airflow/dags/retail_pipeline.py took 0.118 seconds
[2026-08-02T00:28:36.238+0000] {processor.py:186} INFO - Started process (PID=218) to work on /opt/airflow/dags/retail_pipeline.py
[2026-08-02T00:28:36.242+0000] {processor.py:914} INFO - Processing file /opt/airflow/dags/retail_pipeline.py for tasks to queue
[2026-08-02T00:28:36.247+0000] {logging_mixin.py:190} INFO - [2026-08-02T00:28:36.247+0000] {dagbag.py:587} INFO - Filling up the DagBag from /opt/airflow/dags/retail_pipeline.py
[2026-08-02T00:28:36.279+0000] {processor.py:925} INFO - DAG(s) 'retail_etl' retrieved from /opt/airflow/dags/retail_pipeline.py
[2026-08-02T00:28:36.309+0000] {logging_mixin.py:190} INFO - [2026-08-02T00:28:36.309+0000] {dag.py:3211} INFO - Sync 1 DAGs
[2026-08-02T00:28:36.327+0000] {logging_mixin.py:190} INFO - [2026-08-02T00:28:36.327+0000] {dag.py:4138} INFO - Setting next_dagrun for retail_etl to 2026-08-02 00:00:00+00:00, run_after=2026-08-03 00:00:00+00:00
[2026-08-02T00:28:36.336+0000] {processor.py:208} INFO - Processing /opt/airflow/dags/retail_pipeline.py took 0.117 seconds
[2026-08-02T00:29:06.629+0000] {processor.py:186} INFO - Started process (PID=219) to work on /opt/airflow/dags/retail_pipeline.py
[2026-08-02T00:29:06.634+0000] {processor.py:914} INFO - Processing file /opt/airflow/dags/retail_pipeline.py for tasks to queue
[2026-08-02T00:29:06.642+0000] {logging_mixin.py:190} INFO - [2026-08-02T00:29:06.642+0000] {dagbag.py:587} INFO - Filling up the DagBag from /opt/airflow/dags/retail_pipeline.py
[2026-08-02T00:29:06.667+0000] {processor.py:925} INFO - DAG(s) 'retail_etl' retrieved from /opt/airflow/dags/retail_pipeline.py
[2026-08-02T00:29:06.704+0000] {logging_mixin.py:190} INFO - [2026-08-02T00:29:06.703+0000] {dag.py:3211} INFO - Sync 1 DAGs
[2026-08-02T00:29:06.720+0000] {logging_mixin.py:190} INFO - [2026-08-02T00:29:06.719+0000] {dag.py:4138} INFO - Setting next_dagrun for retail_etl to 2026-08-02 00:00:00+00:00, run_after=2026-08-03 00:00:00+00:00
[2026-08-02T00:29:06.732+0000] {processor.py:208} INFO - Processing /opt/airflow/dags/retail_pipeline.py took 0.125 seconds
[2026-08-02T00:29:37.084+0000] {processor.py:186} INFO - Started process (PID=220) to work on /opt/airflow/dags/retail_pipeline.py
[2026-08-02T00:29:37.085+0000] {processor.py:914} INFO - Processing file /opt/airflow/dags/retail_pipeline.py for tasks to queue
[2026-08-02T00:29:37.092+0000] {logging_mixin.py:190} INFO - [2026-08-02T00:29:37.091+0000] {dagbag.py:587} INFO - Filling up the DagBag from /opt/airflow/dags/retail_pipeline.py
[2026-08-02T00:29:37.118+0000] {processor.py:925} INFO - DAG(s) 'retail_etl' retrieved from /opt/airflow/dags/retail_pipeline.py
[2026-08-02T00:29:37.155+0000] {logging_mixin.py:190} INFO - [2026-08-02T00:29:37.155+0000] {dag.py:3211} INFO - Sync 1 DAGs
[2026-08-02T00:29:37.172+0000] {logging_mixin.py:190} INFO - [2026-08-02T00:29:37.172+0000] {dag.py:4138} INFO - Setting next_dagrun for retail_etl to 2026-08-02 00:00:00+00:00, run_after=2026-08-03 00:00:00+00:00
[2026-08-02T00:29:37.187+0000] {processor.py:208} INFO - Processing /opt/airflow/dags/retail_pipeline.py took 0.122 seconds
[2026-08-02T00:30:07.489+0000] {processor.py:186} INFO - Started process (PID=221) to work on /opt/airflow/dags/retail_pipeline.py
[2026-08-02T00:30:07.490+0000] {processor.py:914} INFO - Processing file /opt/airflow/dags/retail_pipeline.py for tasks to queue
[2026-08-02T00:30:07.498+0000] {logging_mixin.py:190} INFO - [2026-08-02T00:30:07.497+0000] {dagbag.py:587} INFO - Filling up the DagBag from /opt/airflow/dags/retail_pipeline.py
[2026-08-02T00:30:07.520+0000] {processor.py:925} INFO - DAG(s) 'retail_etl' retrieved from /opt/airflow/dags/retail_pipeline.py
[2026-08-02T00:30:07.549+0000] {logging_mixin.py:190} INFO - [2026-08-02T00:30:07.549+0000] {dag.py:3211} INFO - Sync 1 DAGs
[2026-08-02T00:30:07.565+0000] {logging_mixin.py:190} INFO - [2026-08-02T00:30:07.565+0000] {dag.py:4138} INFO - Setting next_dagrun for retail_etl to 2026-08-02 00:00:00+00:00, run_after=2026-08-03 00:00:00+00:00
[2026-08-02T00:30:07.575+0000] {processor.py:208} INFO - Processing /opt/airflow/dags/retail_pipeline.py took 0.093 seconds
[2026-08-02T00:30:37.877+0000] {processor.py:186} INFO - Started process (PID=222) to work on /opt/airflow/dags/retail_pipeline.py
[2026-08-02T00:30:37.880+0000] {processor.py:914} INFO - Processing file /opt/airflow/dags/retail_pipeline.py for tasks to queue
[2026-08-02T00:30:37.888+0000] {logging_mixin.py:190} INFO - [2026-08-02T00:30:37.888+0000] {dagbag.py:587} INFO - Filling up the DagBag from /opt/airflow/dags/retail_pipeline.py
[2026-08-02T00:30:37.908+0000] {processor.py:925} INFO - DAG(s) 'retail_etl' retrieved from /opt/airflow/dags/retail_pipeline.py
[2026-08-02T00:30:37.938+0000] {logging_mixin.py:190} INFO - [2026-08-02T00:30:37.938+0000] {dag.py:3211} INFO - Sync 1 DAGs
[2026-08-02T00:30:37.957+0000] {logging_mixin.py:190} INFO - [2026-08-02T00:30:37.957+0000] {dag.py:4138} INFO - Setting next_dagrun for retail_etl to 2026-08-02 00:00:00+00:00, run_after=2026-08-03 00:00:00+00:00
[2026-08-02T00:30:37.970+0000] {processor.py:208} INFO - Processing /opt/airflow/dags/retail_pipeline.py took 0.107 seconds
[2026-08-02T00:31:08.309+0000] {processor.py:186} INFO - Started process (PID=223) to work on /opt/airflow/dags/retail_pipeline.py
[2026-08-02T00:31:08.310+0000] {processor.py:914} INFO - Processing file /opt/airflow/dags/retail_pipeline.py for tasks to queue
[2026-08-02T00:31:08.317+0000] {logging_mixin.py:190} INFO - [2026-08-02T00:31:08.317+0000] {dagbag.py:587} INFO - Filling up the DagBag from /opt/airflow/dags/retail_pipeline.py
[2026-08-02T00:31:08.337+0000] {processor.py:925} INFO - DAG(s) 'retail_etl' retrieved from /opt/airflow/dags/retail_pipeline.py
[2026-08-02T00:31:08.368+0000] {logging_mixin.py:190} INFO - [2026-08-02T00:31:08.368+0000] {dag.py:3211} INFO - Sync 1 DAGs
[2026-08-02T00:31:08.388+0000] {logging_mixin.py:190} INFO - [2026-08-02T00:31:08.387+0000] {dag.py:4138} INFO - Setting next_dagrun for retail_etl to 2026-08-02 00:00:00+00:00, run_after=2026-08-03 00:00:00+00:00
[2026-08-02T00:31:08.398+0000] {processor.py:208} INFO - Processing /opt/airflow/dags/retail_pipeline.py took 0.113 seconds
[2026-08-02T00:31:38.705+0000] {processor.py:186} INFO - Started process (PID=224) to work on /opt/airflow/dags/retail_pipeline.py
[2026-08-02T00:31:38.708+0000] {processor.py:914} INFO - Processing file /opt/airflow/dags/retail_pipeline.py for tasks to queue
[2026-08-02T00:31:38.714+0000] {logging_mixin.py:190} INFO - [2026-08-02T00:31:38.713+0000] {dagbag.py:587} INFO - Filling up the DagBag from /opt/airflow/dags/retail_pipeline.py
[2026-08-02T00:31:38.741+0000] {processor.py:925} INFO - DAG(s) 'retail_etl' retrieved from /opt/airflow/dags/retail_pipeline.py
[2026-08-02T00:31:38.779+0000] {logging_mixin.py:190} INFO - [2026-08-02T00:31:38.779+0000] {dag.py:3211} INFO - Sync 1 DAGs
[2026-08-02T00:31:38.800+0000] {logging_mixin.py:190} INFO - [2026-08-02T00:31:38.800+0000] {dag.py:4138} INFO - Setting next_dagrun for retail_etl to 2026-08-02 00:00:00+00:00, run_after=2026-08-03 00:00:00+00:00
[2026-08-02T00:31:38.813+0000] {processor.py:208} INFO - Processing /opt/airflow/dags/retail_pipeline.py took 0.119 seconds
[2026-08-02T00:32:09.047+0000] {processor.py:186} INFO - Started process (PID=225) to work on /opt/airflow/dags/retail_pipeline.py
[2026-08-02T00:32:09.053+0000] {processor.py:914} INFO - Processing file /opt/airflow/dags/retail_pipeline.py for tasks to queue
[2026-08-02T00:32:09.065+0000] {logging_mixin.py:190} INFO - [2026-08-02T00:32:09.064+0000] {dagbag.py:587} INFO - Filling up the DagBag from /opt/airflow/dags/retail_pipeline.py
[2026-08-02T00:32:09.097+0000] {processor.py:925} INFO - DAG(s) 'retail_etl' retrieved from /opt/airflow/dags/retail_pipeline.py
[2026-08-02T00:32:09.142+0000] {logging_mixin.py:190} INFO - [2026-08-02T00:32:09.142+0000] {dag.py:3211} INFO - Sync 1 DAGs
[2026-08-02T00:32:09.159+0000] {logging_mixin.py:190} INFO - [2026-08-02T00:32:09.159+0000] {dag.py:4138} INFO - Setting next_dagrun for retail_etl to 2026-08-02 00:00:00+00:00, run_after=2026-08-03 00:00:00+00:00
[2026-08-02T00:32:09.174+0000] {processor.py:208} INFO - Processing /opt/airflow/dags/retail_pipeline.py took 0.139 seconds
[2026-08-02T00:32:39.552+0000] {processor.py:186} INFO - Started process (PID=226) to work on /opt/airflow/dags/retail_pipeline.py
[2026-08-02T00:32:39.555+0000] {processor.py:914} INFO - Processing file /opt/airflow/dags/retail_pipeline.py for tasks to queue
[2026-08-02T00:32:39.561+0000] {logging_mixin.py:190} INFO - [2026-08-02T00:32:39.560+0000] {dagbag.py:587} INFO - Filling up the DagBag from /opt/airflow/dags/retail_pipeline.py
[2026-08-02T00:32:39.588+0000] {processor.py:925} INFO - DAG(s) 'retail_etl' retrieved from /opt/airflow/dags/retail_pipeline.py
[2026-08-02T00:32:39.614+0000] {logging_mixin.py:190} INFO - [2026-08-02T00:32:39.614+0000] {dag.py:3211} INFO - Sync 1 DAGs
[2026-08-02T00:32:39.637+0000] {logging_mixin.py:190} INFO - [2026-08-02T00:32:39.636+0000] {dag.py:4138} INFO - Setting next_dagrun for retail_etl to 2026-08-02 00:00:00+00:00, run_after=2026-08-03 00:00:00+00:00
[2026-08-02T00:32:39.646+0000] {processor.py:208} INFO - Processing /opt/airflow/dags/retail_pipeline.py took 0.110 seconds
[2026-08-02T00:33:09.924+0000] {processor.py:186} INFO - Started process (PID=227) to work on /opt/airflow/dags/retail_pipeline.py
[2026-08-02T00:33:09.926+0000] {processor.py:914} INFO - Processing file /opt/airflow/dags/retail_pipeline.py for tasks to queue
[2026-08-02T00:33:09.934+0000] {logging_mixin.py:190} INFO - [2026-08-02T00:33:09.933+0000] {dagbag.py:587} INFO - Filling up the DagBag from /opt/airflow/dags/retail_pipeline.py
[2026-08-02T00:33:09.956+0000] {processor.py:925} INFO - DAG(s) 'retail_etl' retrieved from /opt/airflow/dags/retail_pipeline.py
[2026-08-02T00:33:09.980+0000] {logging_mixin.py:190} INFO - [2026-08-02T00:33:09.980+0000] {dag.py:3211} INFO - Sync 1 DAGs
[2026-08-02T00:33:09.997+0000] {logging_mixin.py:190} INFO - [2026-08-02T00:33:09.997+0000] {dag.py:4138} INFO - Setting next_dagrun for retail_etl to 2026-08-02 00:00:00+00:00, run_after=2026-08-03 00:00:00+00:00
[2026-08-02T00:33:10.006+0000] {processor.py:208} INFO - Processing /opt/airflow/dags/retail_pipeline.py took 0.095 seconds
[2026-08-02T00:33:40.282+0000] {processor.py:186} INFO - Started process (PID=228) to work on /opt/airflow/dags/retail_pipeline.py
[2026-08-02T00:33:40.283+0000] {processor.py:914} INFO - Processing file /opt/airflow/dags/retail_pipeline.py for tasks to queue
[2026-08-02T00:33:40.288+0000] {logging_mixin.py:190} INFO - [2026-08-02T00:33:40.287+0000] {dagbag.py:587} INFO - Filling up the DagBag from /opt/airflow/dags/retail_pipeline.py
[2026-08-02T00:33:40.307+0000] {processor.py:925} INFO - DAG(s) 'retail_etl' retrieved from /opt/airflow/dags/retail_pipeline.py
[2026-08-02T00:33:40.331+0000] {logging_mixin.py:190} INFO - [2026-08-02T00:33:40.331+0000] {dag.py:3211} INFO - Sync 1 DAGs
[2026-08-02T00:33:40.346+0000] {logging_mixin.py:190} INFO - [2026-08-02T00:33:40.346+0000] {dag.py:4138} INFO - Setting next_dagrun for retail_etl to 2026-08-02 00:00:00+00:00, run_after=2026-08-03 00:00:00+00:00
[2026-08-02T00:33:40.355+0000] {processor.py:208} INFO - Processing /opt/airflow/dags/retail_pipeline.py took 0.084 seconds
[2026-08-02T00:34:10.539+0000] {processor.py:186} INFO - Started process (PID=229) to work on /opt/airflow/dags/retail_pipeline.py
[2026-08-02T00:34:10.539+0000] {processor.py:914} INFO - Processing file /opt/airflow/dags/retail_pipeline.py for tasks to queue
[2026-08-02T00:34:10.541+0000] {logging_mixin.py:190} INFO - [2026-08-02T00:34:10.541+0000] {dagbag.py:587} INFO - Filling up the DagBag from /opt/airflow/dags/retail_pipeline.py
[2026-08-02T00:34:10.549+0000] {processor.py:925} INFO - DAG(s) 'retail_etl' retrieved from /opt/airflow/dags/retail_pipeline.py
[2026-08-02T00:34:10.568+0000] {logging_mixin.py:190} INFO - [2026-08-02T00:34:10.568+0000] {dag.py:3211} INFO - Sync 1 DAGs
[2026-08-02T00:34:10.581+0000] {logging_mixin.py:190} INFO - [2026-08-02T00:34:10.581+0000] {dag.py:4138} INFO - Setting next_dagrun for retail_etl to 2026-08-02 00:00:00+00:00, run_after=2026-08-03 00:00:00+00:00
[2026-08-02T00:34:10.588+0000] {processor.py:208} INFO - Processing /opt/airflow/dags/retail_pipeline.py took 0.055 seconds
[2026-08-02T00:34:40.848+0000] {processor.py:186} INFO - Started process (PID=230) to work on /opt/airflow/dags/retail_pipeline.py
[2026-08-02T00:34:40.849+0000] {processor.py:914} INFO - Processing file /opt/airflow/dags/retail_pipeline.py for tasks to queue
[2026-08-02T00:34:40.854+0000] {logging_mixin.py:190} INFO - [2026-08-02T00:34:40.853+0000] {dagbag.py:587} INFO - Filling up the DagBag from /opt/airflow/dags/retail_pipeline.py
[2026-08-02T00:34:40.874+0000] {processor.py:925} INFO - DAG(s) 'retail_etl' retrieved from /opt/airflow/dags/retail_pipeline.py
[2026-08-02T00:34:40.907+0000] {logging_mixin.py:190} INFO - [2026-08-02T00:34:40.907+0000] {dag.py:3211} INFO - Sync 1 DAGs
[2026-08-02T00:34:40.923+0000] {logging_mixin.py:190} INFO - [2026-08-02T00:34:40.923+0000] {dag.py:4138} INFO - Setting next_dagrun for retail_etl to 2026-08-02 00:00:00+00:00, run_after=2026-08-03 00:00:00+00:00
[2026-08-02T00:34:40.932+0000] {processor.py:208} INFO - Processing /opt/airflow/dags/retail_pipeline.py took 0.094 seconds
[2026-08-02T00:35:11.138+0000] {processor.py:186} INFO - Started process (PID=231) to work on /opt/airflow/dags/retail_pipeline.py
[2026-08-02T00:35:11.140+0000] {processor.py:914} INFO - Processing file /opt/airflow/dags/retail_pipeline.py for tasks to queue
[2026-08-02T00:35:11.144+0000] {logging_mixin.py:190} INFO - [2026-08-02T00:35:11.143+0000] {dagbag.py:587} INFO - Filling up the DagBag from /opt/airflow/dags/retail_pipeline.py
[2026-08-02T00:35:11.162+0000] {processor.py:925} INFO - DAG(s) 'retail_etl' retrieved from /opt/airflow/dags/retail_pipeline.py
[2026-08-02T00:35:11.195+0000] {logging_mixin.py:190} INFO - [2026-08-02T00:35:11.195+0000] {dag.py:3211} INFO - Sync 1 DAGs
[2026-08-02T00:35:11.214+0000] {logging_mixin.py:190} INFO - [2026-08-02T00:35:11.213+0000] {dag.py:4138} INFO - Setting next_dagrun for retail_etl to 2026-08-02 00:00:00+00:00, run_after=2026-08-03 00:00:00+00:00
[2026-08-02T00:35:11.224+0000] {processor.py:208} INFO - Processing /opt/airflow/dags/retail_pipeline.py took 0.092 seconds
[2026-08-02T00:35:41.690+0000] {processor.py:186} INFO - Started process (PID=232) to work on /opt/airflow/dags/retail_pipeline.py
[2026-08-02T00:35:41.694+0000] {processor.py:914} INFO - Processing file /opt/airflow/dags/retail_pipeline.py for tasks to queue
[2026-08-02T00:35:41.701+0000] {logging_mixin.py:190} INFO - [2026-08-02T00:35:41.701+0000] {dagbag.py:587} INFO - Filling up the DagBag from /opt/airflow/dags/retail_pipeline.py
[2026-08-02T00:35:41.729+0000] {processor.py:925} INFO - DAG(s) 'retail_etl' retrieved from /opt/airflow/dags/retail_pipeline.py
[2026-08-02T00:35:41.760+0000] {logging_mixin.py:190} INFO - [2026-08-02T00:35:41.760+0000] {dag.py:3211} INFO - Sync 1 DAGs
[2026-08-02T00:35:41.782+0000] {logging_mixin.py:190} INFO - [2026-08-02T00:35:41.782+0000] {dag.py:4138} INFO - Setting next_dagrun for retail_etl to 2026-08-02 00:00:00+00:00, run_after=2026-08-03 00:00:00+00:00
[2026-08-02T00:35:41.792+0000] {processor.py:208} INFO - Processing /opt/airflow/dags/retail_pipeline.py took 0.119 seconds
[2026-08-02T00:36:12.060+0000] {processor.py:186} INFO - Started process (PID=233) to work on /opt/airflow/dags/retail_pipeline.py
[2026-08-02T00:36:12.063+0000] {processor.py:914} INFO - Processing file /opt/airflow/dags/retail_pipeline.py for tasks to queue
[2026-08-02T00:36:12.069+0000] {logging_mixin.py:190} INFO - [2026-08-02T00:36:12.069+0000] {dagbag.py:587} INFO - Filling up the DagBag from /opt/airflow/dags/retail_pipeline.py
[2026-08-02T00:36:12.098+0000] {processor.py:925} INFO - DAG(s) 'retail_etl' retrieved from /opt/airflow/dags/retail_pipeline.py
[2026-08-02T00:36:12.135+0000] {logging_mixin.py:190} INFO - [2026-08-02T00:36:12.135+0000] {dag.py:3211} INFO - Sync 1 DAGs
[2026-08-02T00:36:12.152+0000] {logging_mixin.py:190} INFO - [2026-08-02T00:36:12.152+0000] {dag.py:4138} INFO - Setting next_dagrun for retail_etl to 2026-08-02 00:00:00+00:00, run_after=2026-08-03 00:00:00+00:00
[2026-08-02T00:36:12.165+0000] {processor.py:208} INFO - Processing /opt/airflow/dags/retail_pipeline.py took 0.117 seconds
[2026-08-02T00:36:42.512+0000] {processor.py:186} INFO - Started process (PID=234) to work on /opt/airflow/dags/retail_pipeline.py
[2026-08-02T00:36:42.515+0000] {processor.py:914} INFO - Processing file /opt/airflow/dags/retail_pipeline.py for tasks to queue
[2026-08-02T00:36:42.520+0000] {logging_mixin.py:190} INFO - [2026-08-02T00:36:42.520+0000] {dagbag.py:587} INFO - Filling up the DagBag from /opt/airflow/dags/retail_pipeline.py
[2026-08-02T00:36:42.541+0000] {processor.py:925} INFO - DAG(s) 'retail_etl' retrieved from /opt/airflow/dags/retail_pipeline.py
[2026-08-02T00:36:42.572+0000] {logging_mixin.py:190} INFO - [2026-08-02T00:36:42.572+0000] {dag.py:3211} INFO - Sync 1 DAGs
[2026-08-02T00:36:42.596+0000] {logging_mixin.py:190} INFO - [2026-08-02T00:36:42.596+0000] {dag.py:4138} INFO - Setting next_dagrun for retail_etl to 2026-08-02 00:00:00+00:00, run_after=2026-08-03 00:00:00+00:00
[2026-08-02T00:36:42.608+0000] {processor.py:208} INFO - Processing /opt/airflow/dags/retail_pipeline.py took 0.111 seconds
[2026-08-02T00:37:12.872+0000] {processor.py:186} INFO - Started process (PID=235) to work on /opt/airflow/dags/retail_pipeline.py
[2026-08-02T00:37:12.875+0000] {processor.py:914} INFO - Processing file /opt/airflow/dags/retail_pipeline.py for tasks to queue
[2026-08-02T00:37:12.880+0000] {logging_mixin.py:190} INFO - [2026-08-02T00:37:12.879+0000] {dagbag.py:587} INFO - Filling up the DagBag from /opt/airflow/dags/retail_pipeline.py
[2026-08-02T00:37:12.902+0000] {processor.py:925} INFO - DAG(s) 'retail_etl' retrieved from /opt/airflow/dags/retail_pipeline.py
[2026-08-02T00:37:12.930+0000] {logging_mixin.py:190} INFO - [2026-08-02T00:37:12.929+0000] {dag.py:3211} INFO - Sync 1 DAGs
[2026-08-02T00:37:12.949+0000] {logging_mixin.py:190} INFO - [2026-08-02T00:37:12.949+0000] {dag.py:4138} INFO - Setting next_dagrun for retail_etl to 2026-08-02 00:00:00+00:00, run_after=2026-08-03 00:00:00+00:00
[2026-08-02T00:37:12.960+0000] {processor.py:208} INFO - Processing /opt/airflow/dags/retail_pipeline.py took 0.099 seconds
[2026-08-02T00:37:43.276+0000] {processor.py:186} INFO - Started process (PID=236) to work on /opt/airflow/dags/retail_pipeline.py
[2026-08-02T00:37:43.278+0000] {processor.py:914} INFO - Processing file /opt/airflow/dags/retail_pipeline.py for tasks to queue
[2026-08-02T00:37:43.282+0000] {logging_mixin.py:190} INFO - [2026-08-02T00:37:43.281+0000] {dagbag.py:587} INFO - Filling up the DagBag from /opt/airflow/dags/retail_pipeline.py
[2026-08-02T00:37:43.301+0000] {processor.py:925} INFO - DAG(s) 'retail_etl' retrieved from /opt/airflow/dags/retail_pipeline.py
[2026-08-02T00:37:43.325+0000] {logging_mixin.py:190} INFO - [2026-08-02T00:37:43.325+0000] {dag.py:3211} INFO - Sync 1 DAGs
[2026-08-02T00:37:43.338+0000] {logging_mixin.py:190} INFO - [2026-08-02T00:37:43.338+0000] {dag.py:4138} INFO - Setting next_dagrun for retail_etl to 2026-08-02 00:00:00+00:00, run_after=2026-08-03 00:00:00+00:00
[2026-08-02T00:37:43.347+0000] {processor.py:208} INFO - Processing /opt/airflow/dags/retail_pipeline.py took 0.081 seconds
[2026-08-02T00:38:13.586+0000] {processor.py:186} INFO - Started process (PID=237) to work on /opt/airflow/dags/retail_pipeline.py
[2026-08-02T00:38:13.589+0000] {processor.py:914} INFO - Processing file /opt/airflow/dags/retail_pipeline.py for tasks to queue
[2026-08-02T00:38:13.593+0000] {logging_mixin.py:190} INFO - [2026-08-02T00:38:13.592+0000] {dagbag.py:587} INFO - Filling up the DagBag from /opt/airflow/dags/retail_pipeline.py
[2026-08-02T00:38:13.618+0000] {processor.py:925} INFO - DAG(s) 'retail_etl' retrieved from /opt/airflow/dags/retail_pipeline.py
[2026-08-02T00:38:13.640+0000] {logging_mixin.py:190} INFO - [2026-08-02T00:38:13.640+0000] {dag.py:3211} INFO - Sync 1 DAGs
[2026-08-02T00:38:13.653+0000] {logging_mixin.py:190} INFO - [2026-08-02T00:38:13.653+0000] {dag.py:4138} INFO - Setting next_dagrun for retail_etl to 2026-08-02 00:00:00+00:00, run_after=2026-08-03 00:00:00+00:00
[2026-08-02T00:38:13.661+0000] {processor.py:208} INFO - Processing /opt/airflow/dags/retail_pipeline.py took 0.091 seconds
[2026-08-02T00:38:43.984+0000] {processor.py:186} INFO - Started process (PID=238) to work on /opt/airflow/dags/retail_pipeline.py
[2026-08-02T00:38:43.986+0000] {processor.py:914} INFO - Processing file /opt/airflow/dags/retail_pipeline.py for tasks to queue
[2026-08-02T00:38:43.990+0000] {logging_mixin.py:190} INFO - [2026-08-02T00:38:43.989+0000] {dagbag.py:587} INFO - Filling up the DagBag from /opt/airflow/dags/retail_pipeline.py
[2026-08-02T00:38:44.016+0000] {processor.py:925} INFO - DAG(s) 'retail_etl' retrieved from /opt/airflow/dags/retail_pipeline.py
[2026-08-02T00:38:44.045+0000] {logging_mixin.py:190} INFO - [2026-08-02T00:38:44.044+0000] {dag.py:3211} INFO - Sync 1 DAGs
[2026-08-02T00:38:44.062+0000] {logging_mixin.py:190} INFO - [2026-08-02T00:38:44.062+0000] {dag.py:4138} INFO - Setting next_dagrun for retail_etl to 2026-08-02 00:00:00+00:00, run_after=2026-08-03 00:00:00+00:00
[2026-08-02T00:38:44.072+0000] {processor.py:208} INFO - Processing /opt/airflow/dags/retail_pipeline.py took 0.103 seconds
[2026-08-02T00:39:14.357+0000] {processor.py:186} INFO - Started process (PID=239) to work on /opt/airflow/dags/retail_pipeline.py
[2026-08-02T00:39:14.359+0000] {processor.py:914} INFO - Processing file /opt/airflow/dags/retail_pipeline.py for tasks to queue
[2026-08-02T00:39:14.363+0000] {logging_mixin.py:190} INFO - [2026-08-02T00:39:14.363+0000] {dagbag.py:587} INFO - Filling up the DagBag from /opt/airflow/dags/retail_pipeline.py
[2026-08-02T00:39:14.387+0000] {processor.py:925} INFO - DAG(s) 'retail_etl' retrieved from /opt/airflow/dags/retail_pipeline.py
[2026-08-02T00:39:14.417+0000] {logging_mixin.py:190} INFO - [2026-08-02T00:39:14.417+0000] {dag.py:3211} INFO - Sync 1 DAGs
[2026-08-02T00:39:14.436+0000] {logging_mixin.py:190} INFO - [2026-08-02T00:39:14.436+0000] {dag.py:4138} INFO - Setting next_dagrun for retail_etl to 2026-08-02 00:00:00+00:00, run_after=2026-08-03 00:00:00+00:00
[2026-08-02T00:39:14.445+0000] {processor.py:208} INFO - Processing /opt/airflow/dags/retail_pipeline.py took 0.099 seconds
[2026-08-02T00:39:44.731+0000] {processor.py:186} INFO - Started process (PID=240) to work on /opt/airflow/dags/retail_pipeline.py
[2026-08-02T00:39:44.736+0000] {processor.py:914} INFO - Processing file /opt/airflow/dags/retail_pipeline.py for tasks to queue
[2026-08-02T00:39:44.743+0000] {logging_mixin.py:190} INFO - [2026-08-02T00:39:44.742+0000] {dagbag.py:587} INFO - Filling up the DagBag from /opt/airflow/dags/retail_pipeline.py
[2026-08-02T00:39:44.768+0000] {processor.py:925} INFO - DAG(s) 'retail_etl' retrieved from /opt/airflow/dags/retail_pipeline.py
[2026-08-02T00:39:44.814+0000] {logging_mixin.py:190} INFO - [2026-08-02T00:39:44.813+0000] {dag.py:3211} INFO - Sync 1 DAGs
[2026-08-02T00:39:44.831+0000] {logging_mixin.py:190} INFO - [2026-08-02T00:39:44.830+0000] {dag.py:4138} INFO - Setting next_dagrun for retail_etl to 2026-08-02 00:00:00+00:00, run_after=2026-08-03 00:00:00+00:00
[2026-08-02T00:39:44.839+0000] {processor.py:208} INFO - Processing /opt/airflow/dags/retail_pipeline.py took 0.119 seconds
[2026-08-02T00:40:15.145+0000] {processor.py:186} INFO - Started process (PID=241) to work on /opt/airflow/dags/retail_pipeline.py
[2026-08-02T00:40:15.147+0000] {processor.py:914} INFO - Processing file /opt/airflow/dags/retail_pipeline.py for tasks to queue
[2026-08-02T00:40:15.151+0000] {logging_mixin.py:190} INFO - [2026-08-02T00:40:15.151+0000] {dagbag.py:587} INFO - Filling up the DagBag from /opt/airflow/dags/retail_pipeline.py
[2026-08-02T00:40:15.173+0000] {processor.py:925} INFO - DAG(s) 'retail_etl' retrieved from /opt/airflow/dags/retail_pipeline.py
[2026-08-02T00:40:15.199+0000] {logging_mixin.py:190} INFO - [2026-08-02T00:40:15.199+0000] {dag.py:3211} INFO - Sync 1 DAGs
[2026-08-02T00:40:15.215+0000] {logging_mixin.py:190} INFO - [2026-08-02T00:40:15.214+0000] {dag.py:4138} INFO - Setting next_dagrun for retail_etl to 2026-08-02 00:00:00+00:00, run_after=2026-08-03 00:00:00+00:00
[2026-08-02T00:40:15.224+0000] {processor.py:208} INFO - Processing /opt/airflow/dags/retail_pipeline.py took 0.089 seconds
