[2026-08-01T23:52:01.220+0000] {local_task_job_runner.py:123} INFO - ::group::Pre task execution logs
[2026-08-01T23:52:01.229+0000] {taskinstance.py:2603} INFO - Dependencies all met for dep_context=non-requeueable deps ti=<TaskInstance: retail_etl.load_data scheduled__2026-07-31T00:00:00+00:00 [queued]>
[2026-08-01T23:52:01.234+0000] {taskinstance.py:2603} INFO - Dependencies all met for dep_context=requeueable deps ti=<TaskInstance: retail_etl.load_data scheduled__2026-07-31T00:00:00+00:00 [queued]>
[2026-08-01T23:52:01.234+0000] {taskinstance.py:2856} INFO - Starting attempt 1 of 1
[2026-08-01T23:52:01.242+0000] {taskinstance.py:2879} INFO - Executing <Task(BashOperator): load_data> on 2026-07-31 00:00:00+00:00
[2026-08-01T23:52:01.244+0000] {standard_task_runner.py:72} INFO - Started process 94 to run task
[2026-08-01T23:52:01.248+0000] {standard_task_runner.py:104} INFO - Running: ['airflow', 'tasks', 'run', 'retail_etl', 'load_data', 'scheduled__2026-07-31T00:00:00+00:00', '--job-id', '16', '--raw', '--subdir', 'DAGS_FOLDER/retail_pipeline.py', '--cfg-path', '/tmp/tmpx3vi4jrd']
[2026-08-01T23:52:01.250+0000] {standard_task_runner.py:105} INFO - Job 16: Subtask load_data
[2026-08-01T23:52:01.297+0000] {task_command.py:467} INFO - Running <TaskInstance: retail_etl.load_data scheduled__2026-07-31T00:00:00+00:00 [running]> on host b012eac4770d
[2026-08-01T23:52:01.376+0000] {taskinstance.py:3122} INFO - Exporting env vars: AIRFLOW_CTX_DAG_OWNER='airflow' AIRFLOW_CTX_DAG_ID='retail_etl' AIRFLOW_CTX_TASK_ID='load_data' AIRFLOW_CTX_EXECUTION_DATE='2026-07-31T00:00:00+00:00' AIRFLOW_CTX_TRY_NUMBER='1' AIRFLOW_CTX_DAG_RUN_ID='scheduled__2026-07-31T00:00:00+00:00'
[2026-08-01T23:52:01.378+0000] {taskinstance.py:731} INFO - ::endgroup::
[2026-08-01T23:52:01.391+0000] {subprocess.py:63} INFO - Tmp dir root location: /tmp
[2026-08-01T23:52:01.392+0000] {subprocess.py:75} INFO - Running command: ['/usr/bin/bash', '-c', '\n        cd /opt/airflow/project &&\n        python -m app.etl.load_all\n        ']
[2026-08-01T23:52:01.404+0000] {subprocess.py:86} INFO - Output:
[2026-08-01T23:52:03.110+0000] {subprocess.py:93} INFO - 2026-08-01 23:52:03,108 | INFO | ============================================================
[2026-08-01T23:52:03.114+0000] {subprocess.py:93} INFO - 2026-08-01 23:52:03,109 | INFO | Starting ETL Pipeline for categories.csv
[2026-08-01T23:52:03.115+0000] {subprocess.py:93} INFO - 2026-08-01 23:52:03,109 | INFO | ============================================================
[2026-08-01T23:52:03.117+0000] {subprocess.py:93} INFO - 2026-08-01 23:52:03,117 | INFO | Validating dataset
[2026-08-01T23:52:03.121+0000] {subprocess.py:93} INFO - 2026-08-01 23:52:03,121 | INFO | Removing duplicates
[2026-08-01T23:52:03.122+0000] {subprocess.py:93} INFO - 2026-08-01 23:52:03,122 | INFO | Replacing null values
[2026-08-01T23:52:03.122+0000] {subprocess.py:93} INFO - 2026-08-01 23:52:03,122 | INFO | Processing 10 records
[2026-08-01T23:52:03.165+0000] {subprocess.py:93} INFO - Traceback (most recent call last):
[2026-08-01T23:52:03.166+0000] {subprocess.py:93} INFO -   File "/home/airflow/.local/lib/python3.12/site-packages/sqlalchemy/engine/base.py", line 3371, in _wrap_pool_connect
[2026-08-01T23:52:03.167+0000] {subprocess.py:93} INFO -     return fn()
[2026-08-01T23:52:03.168+0000] {subprocess.py:93} INFO -            ^^^^
[2026-08-01T23:52:03.169+0000] {subprocess.py:93} INFO -   File "/home/airflow/.local/lib/python3.12/site-packages/sqlalchemy/pool/base.py", line 327, in connect
[2026-08-01T23:52:03.169+0000] {subprocess.py:93} INFO -     return _ConnectionFairy._checkout(self)
[2026-08-01T23:52:03.170+0000] {subprocess.py:93} INFO -            ^^^^^^^^^^^^^^^^^^^^^^^^^^^^^^^^
[2026-08-01T23:52:03.170+0000] {subprocess.py:93} INFO -   File "/home/airflow/.local/lib/python3.12/site-packages/sqlalchemy/pool/base.py", line 894, in _checkout
[2026-08-01T23:52:03.171+0000] {subprocess.py:93} INFO -     fairy = _ConnectionRecord.checkout(pool)
[2026-08-01T23:52:03.175+0000] {subprocess.py:93} INFO -             ^^^^^^^^^^^^^^^^^^^^^^^^^^^^^^^^
[2026-08-01T23:52:03.176+0000] {subprocess.py:93} INFO -   File "/home/airflow/.local/lib/python3.12/site-packages/sqlalchemy/pool/base.py", line 493, in checkout
[2026-08-01T23:52:03.178+0000] {subprocess.py:93} INFO -     rec = pool._do_get()
[2026-08-01T23:52:03.182+0000] {subprocess.py:93} INFO -           ^^^^^^^^^^^^^^
[2026-08-01T23:52:03.183+0000] {subprocess.py:93} INFO -   File "/home/airflow/.local/lib/python3.12/site-packages/sqlalchemy/pool/impl.py", line 145, in _do_get
[2026-08-01T23:52:03.183+0000] {subprocess.py:93} INFO -     with util.safe_reraise():
[2026-08-01T23:52:03.190+0000] {subprocess.py:93} INFO -   File "/home/airflow/.local/lib/python3.12/site-packages/sqlalchemy/util/langhelpers.py", line 70, in __exit__
[2026-08-01T23:52:03.191+0000] {subprocess.py:93} INFO -     compat.raise_(
[2026-08-01T23:52:03.191+0000] {subprocess.py:93} INFO -   File "/home/airflow/.local/lib/python3.12/site-packages/sqlalchemy/util/compat.py", line 211, in raise_
[2026-08-01T23:52:03.192+0000] {subprocess.py:93} INFO -     raise exception
[2026-08-01T23:52:03.193+0000] {subprocess.py:93} INFO -   File "/home/airflow/.local/lib/python3.12/site-packages/sqlalchemy/pool/impl.py", line 143, in _do_get
[2026-08-01T23:52:03.193+0000] {subprocess.py:93} INFO -     return self._create_connection()
[2026-08-01T23:52:03.194+0000] {subprocess.py:93} INFO -            ^^^^^^^^^^^^^^^^^^^^^^^^^
[2026-08-01T23:52:03.195+0000] {subprocess.py:93} INFO -   File "/home/airflow/.local/lib/python3.12/site-packages/sqlalchemy/pool/base.py", line 273, in _create_connection
[2026-08-01T23:52:03.195+0000] {subprocess.py:93} INFO -     return _ConnectionRecord(self)
[2026-08-01T23:52:03.196+0000] {subprocess.py:93} INFO -            ^^^^^^^^^^^^^^^^^^^^^^^
[2026-08-01T23:52:03.196+0000] {subprocess.py:93} INFO -   File "/home/airflow/.local/lib/python3.12/site-packages/sqlalchemy/pool/base.py", line 388, in __init__
[2026-08-01T23:52:03.197+0000] {subprocess.py:93} INFO -     self.__connect()
[2026-08-01T23:52:03.198+0000] {subprocess.py:93} INFO -   File "/home/airflow/.local/lib/python3.12/site-packages/sqlalchemy/pool/base.py", line 690, in __connect
[2026-08-01T23:52:03.199+0000] {subprocess.py:93} INFO -     with util.safe_reraise():
[2026-08-01T23:52:03.200+0000] {subprocess.py:93} INFO -   File "/home/airflow/.local/lib/python3.12/site-packages/sqlalchemy/util/langhelpers.py", line 70, in __exit__
[2026-08-01T23:52:03.201+0000] {subprocess.py:93} INFO -     compat.raise_(
[2026-08-01T23:52:03.207+0000] {subprocess.py:93} INFO -   File "/home/airflow/.local/lib/python3.12/site-packages/sqlalchemy/util/compat.py", line 211, in raise_
[2026-08-01T23:52:03.214+0000] {subprocess.py:93} INFO -     raise exception
[2026-08-01T23:52:03.217+0000] {subprocess.py:93} INFO -   File "/home/airflow/.local/lib/python3.12/site-packages/sqlalchemy/pool/base.py", line 686, in __connect
[2026-08-01T23:52:03.255+0000] {subprocess.py:93} INFO -     self.dbapi_connection = connection = pool._invoke_creator(self)
[2026-08-01T23:52:03.256+0000] {subprocess.py:93} INFO -                                          ^^^^^^^^^^^^^^^^^^^^^^^^^^
[2026-08-01T23:52:03.257+0000] {subprocess.py:93} INFO -   File "/home/airflow/.local/lib/python3.12/site-packages/sqlalchemy/engine/create.py", line 574, in connect
[2026-08-01T23:52:03.257+0000] {subprocess.py:93} INFO -     return dialect.connect(*cargs, **cparams)
[2026-08-01T23:52:03.258+0000] {subprocess.py:93} INFO -            ^^^^^^^^^^^^^^^^^^^^^^^^^^^^^^^^^^
[2026-08-01T23:52:03.259+0000] {subprocess.py:93} INFO -   File "/home/airflow/.local/lib/python3.12/site-packages/sqlalchemy/engine/default.py", line 598, in connect
[2026-08-01T23:52:03.260+0000] {subprocess.py:93} INFO -     return self.dbapi.connect(*cargs, **cparams)
[2026-08-01T23:52:03.260+0000] {subprocess.py:93} INFO -            ^^^^^^^^^^^^^^^^^^^^^^^^^^^^^^^^^^^^^
[2026-08-01T23:52:03.261+0000] {subprocess.py:93} INFO -   File "/home/airflow/.local/lib/python3.12/site-packages/psycopg2/__init__.py", line 122, in connect
[2026-08-01T23:52:03.262+0000] {subprocess.py:93} INFO -     conn = _connect(dsn, connection_factory=connection_factory, **kwasync)
[2026-08-01T23:52:03.263+0000] {subprocess.py:93} INFO -            ^^^^^^^^^^^^^^^^^^^^^^^^^^^^^^^^^^^^^^^^^^^^^^^^^^^^^^^^^^^^^^^
[2026-08-01T23:52:03.263+0000] {subprocess.py:93} INFO - psycopg2.OperationalError: connection to server at "localhost" (::1), port 5432 failed: Connection refused
[2026-08-01T23:52:03.264+0000] {subprocess.py:93} INFO - 	Is the server running on that host and accepting TCP/IP connections?
[2026-08-01T23:52:03.264+0000] {subprocess.py:93} INFO - connection to server at "localhost" (127.0.0.1), port 5432 failed: Connection refused
[2026-08-01T23:52:03.264+0000] {subprocess.py:93} INFO - 	Is the server running on that host and accepting TCP/IP connections?
[2026-08-01T23:52:03.265+0000] {subprocess.py:93} INFO - 
[2026-08-01T23:52:03.265+0000] {subprocess.py:93} INFO - 
[2026-08-01T23:52:03.266+0000] {subprocess.py:93} INFO - The above exception was the direct cause of the following exception:
[2026-08-01T23:52:03.266+0000] {subprocess.py:93} INFO - 
[2026-08-01T23:52:03.267+0000] {subprocess.py:93} INFO - Traceback (most recent call last):
[2026-08-01T23:52:03.267+0000] {subprocess.py:93} INFO -   File "<frozen runpy>", line 198, in _run_module_as_main
[2026-08-01T23:52:03.267+0000] {subprocess.py:93} INFO -   File "<frozen runpy>", line 88, in _run_code
[2026-08-01T23:52:03.267+0000] {subprocess.py:93} INFO -   File "/opt/airflow/project/app/etl/load_all.py", line 12, in <module>
[2026-08-01T23:52:03.268+0000] {subprocess.py:93} INFO -     main()
[2026-08-01T23:52:03.268+0000] {subprocess.py:93} INFO -   File "/opt/airflow/project/app/etl/load_all.py", line 8, in main
[2026-08-01T23:52:03.268+0000] {subprocess.py:93} INFO -     Pipeline.run(filename, model)
[2026-08-01T23:52:03.269+0000] {subprocess.py:93} INFO -   File "/opt/airflow/project/app/etl/pipeline.py", line 39, in run
[2026-08-01T23:52:03.269+0000] {subprocess.py:93} INFO -     loader.load(
[2026-08-01T23:52:03.270+0000] {subprocess.py:93} INFO -   File "/opt/airflow/project/app/etl/database_loader.py", line 15, in load
[2026-08-01T23:52:03.271+0000] {subprocess.py:93} INFO -     self.repo.truncate(table_name)
[2026-08-01T23:52:03.271+0000] {subprocess.py:93} INFO -   File "/opt/airflow/project/app/repositories/base_repository.py", line 12, in truncate
[2026-08-01T23:52:03.271+0000] {subprocess.py:93} INFO -     self.db.execute(
[2026-08-01T23:52:03.271+0000] {subprocess.py:93} INFO -   File "/home/airflow/.local/lib/python3.12/site-packages/sqlalchemy/orm/session.py", line 1716, in execute
[2026-08-01T23:52:03.271+0000] {subprocess.py:93} INFO -     conn = self._connection_for_bind(bind)
[2026-08-01T23:52:03.272+0000] {subprocess.py:93} INFO -            ^^^^^^^^^^^^^^^^^^^^^^^^^^^^^^^
[2026-08-01T23:52:03.272+0000] {subprocess.py:93} INFO -   File "/home/airflow/.local/lib/python3.12/site-packages/sqlalchemy/orm/session.py", line 1555, in _connection_for_bind
[2026-08-01T23:52:03.273+0000] {subprocess.py:93} INFO -     return self._transaction._connection_for_bind(
[2026-08-01T23:52:03.273+0000] {subprocess.py:93} INFO -            ^^^^^^^^^^^^^^^^^^^^^^^^^^^^^^^^^^^^^^^
[2026-08-01T23:52:03.273+0000] {subprocess.py:93} INFO -   File "/home/airflow/.local/lib/python3.12/site-packages/sqlalchemy/orm/session.py", line 750, in _connection_for_bind
[2026-08-01T23:52:03.274+0000] {subprocess.py:93} INFO -     conn = bind.connect()
[2026-08-01T23:52:03.274+0000] {subprocess.py:93} INFO -            ^^^^^^^^^^^^^^
[2026-08-01T23:52:03.274+0000] {subprocess.py:93} INFO -   File "/home/airflow/.local/lib/python3.12/site-packages/sqlalchemy/engine/base.py", line 3325, in connect
[2026-08-01T23:52:03.275+0000] {subprocess.py:93} INFO -     return self._connection_cls(self, close_with_result=close_with_result)
[2026-08-01T23:52:03.275+0000] {subprocess.py:93} INFO -            ^^^^^^^^^^^^^^^^^^^^^^^^^^^^^^^^^^^^^^^^^^^^^^^^^^^^^^^^^^^^^^^
[2026-08-01T23:52:03.275+0000] {subprocess.py:93} INFO -   File "/home/airflow/.local/lib/python3.12/site-packages/sqlalchemy/engine/base.py", line 96, in __init__
[2026-08-01T23:52:03.276+0000] {subprocess.py:93} INFO -     else engine.raw_connection()
[2026-08-01T23:52:03.276+0000] {subprocess.py:93} INFO -          ^^^^^^^^^^^^^^^^^^^^^^^
[2026-08-01T23:52:03.276+0000] {subprocess.py:93} INFO -   File "/home/airflow/.local/lib/python3.12/site-packages/sqlalchemy/engine/base.py", line 3404, in raw_connection
[2026-08-01T23:52:03.277+0000] {subprocess.py:93} INFO -     return self._wrap_pool_connect(self.pool.connect, _connection)
[2026-08-01T23:52:03.277+0000] {subprocess.py:93} INFO -            ^^^^^^^^^^^^^^^^^^^^^^^^^^^^^^^^^^^^^^^^^^^^^^^^^^^^^^^
[2026-08-01T23:52:03.277+0000] {subprocess.py:93} INFO -   File "/home/airflow/.local/lib/python3.12/site-packages/sqlalchemy/engine/base.py", line 3374, in _wrap_pool_connect
[2026-08-01T23:52:03.278+0000] {subprocess.py:93} INFO -     Connection._handle_dbapi_exception_noconnection(
[2026-08-01T23:52:03.279+0000] {subprocess.py:93} INFO -   File "/home/airflow/.local/lib/python3.12/site-packages/sqlalchemy/engine/base.py", line 2208, in _handle_dbapi_exception_noconnection
[2026-08-01T23:52:03.279+0000] {subprocess.py:93} INFO -     util.raise_(
[2026-08-01T23:52:03.279+0000] {subprocess.py:93} INFO -   File "/home/airflow/.local/lib/python3.12/site-packages/sqlalchemy/util/compat.py", line 211, in raise_
[2026-08-01T23:52:03.280+0000] {subprocess.py:93} INFO -     raise exception
[2026-08-01T23:52:03.280+0000] {subprocess.py:93} INFO -   File "/home/airflow/.local/lib/python3.12/site-packages/sqlalchemy/engine/base.py", line 3371, in _wrap_pool_connect
[2026-08-01T23:52:03.280+0000] {subprocess.py:93} INFO -     return fn()
[2026-08-01T23:52:03.281+0000] {subprocess.py:93} INFO -            ^^^^
[2026-08-01T23:52:03.281+0000] {subprocess.py:93} INFO -   File "/home/airflow/.local/lib/python3.12/site-packages/sqlalchemy/pool/base.py", line 327, in connect
[2026-08-01T23:52:03.281+0000] {subprocess.py:93} INFO -     return _ConnectionFairy._checkout(self)
[2026-08-01T23:52:03.281+0000] {subprocess.py:93} INFO -            ^^^^^^^^^^^^^^^^^^^^^^^^^^^^^^^^
[2026-08-01T23:52:03.282+0000] {subprocess.py:93} INFO -   File "/home/airflow/.local/lib/python3.12/site-packages/sqlalchemy/pool/base.py", line 894, in _checkout
[2026-08-01T23:52:03.283+0000] {subprocess.py:93} INFO -     fairy = _ConnectionRecord.checkout(pool)
[2026-08-01T23:52:03.283+0000] {subprocess.py:93} INFO -             ^^^^^^^^^^^^^^^^^^^^^^^^^^^^^^^^
[2026-08-01T23:52:03.284+0000] {subprocess.py:93} INFO -   File "/home/airflow/.local/lib/python3.12/site-packages/sqlalchemy/pool/base.py", line 493, in checkout
[2026-08-01T23:52:03.284+0000] {subprocess.py:93} INFO -     rec = pool._do_get()
[2026-08-01T23:52:03.284+0000] {subprocess.py:93} INFO -           ^^^^^^^^^^^^^^
[2026-08-01T23:52:03.284+0000] {subprocess.py:93} INFO -   File "/home/airflow/.local/lib/python3.12/site-packages/sqlalchemy/pool/impl.py", line 145, in _do_get
[2026-08-01T23:52:03.285+0000] {subprocess.py:93} INFO -     with util.safe_reraise():
[2026-08-01T23:52:03.285+0000] {subprocess.py:93} INFO -   File "/home/airflow/.local/lib/python3.12/site-packages/sqlalchemy/util/langhelpers.py", line 70, in __exit__
[2026-08-01T23:52:03.285+0000] {subprocess.py:93} INFO -     compat.raise_(
[2026-08-01T23:52:03.285+0000] {subprocess.py:93} INFO -   File "/home/airflow/.local/lib/python3.12/site-packages/sqlalchemy/util/compat.py", line 211, in raise_
[2026-08-01T23:52:03.285+0000] {subprocess.py:93} INFO -     raise exception
[2026-08-01T23:52:03.286+0000] {subprocess.py:93} INFO -   File "/home/airflow/.local/lib/python3.12/site-packages/sqlalchemy/pool/impl.py", line 143, in _do_get
[2026-08-01T23:52:03.286+0000] {subprocess.py:93} INFO -     return self._create_connection()
[2026-08-01T23:52:03.287+0000] {subprocess.py:93} INFO -            ^^^^^^^^^^^^^^^^^^^^^^^^^
[2026-08-01T23:52:03.288+0000] {subprocess.py:93} INFO -   File "/home/airflow/.local/lib/python3.12/site-packages/sqlalchemy/pool/base.py", line 273, in _create_connection
[2026-08-01T23:52:03.288+0000] {subprocess.py:93} INFO -     return _ConnectionRecord(self)
[2026-08-01T23:52:03.289+0000] {subprocess.py:93} INFO -            ^^^^^^^^^^^^^^^^^^^^^^^
[2026-08-01T23:52:03.289+0000] {subprocess.py:93} INFO -   File "/home/airflow/.local/lib/python3.12/site-packages/sqlalchemy/pool/base.py", line 388, in __init__
[2026-08-01T23:52:03.289+0000] {subprocess.py:93} INFO -     self.__connect()
[2026-08-01T23:52:03.290+0000] {subprocess.py:93} INFO -   File "/home/airflow/.local/lib/python3.12/site-packages/sqlalchemy/pool/base.py", line 690, in __connect
[2026-08-01T23:52:03.290+0000] {subprocess.py:93} INFO -     with util.safe_reraise():
[2026-08-01T23:52:03.290+0000] {subprocess.py:93} INFO -   File "/home/airflow/.local/lib/python3.12/site-packages/sqlalchemy/util/langhelpers.py", line 70, in __exit__
[2026-08-01T23:52:03.290+0000] {subprocess.py:93} INFO -     compat.raise_(
[2026-08-01T23:52:03.291+0000] {subprocess.py:93} INFO -   File "/home/airflow/.local/lib/python3.12/site-packages/sqlalchemy/util/compat.py", line 211, in raise_
[2026-08-01T23:52:03.291+0000] {subprocess.py:93} INFO -     raise exception
[2026-08-01T23:52:03.291+0000] {subprocess.py:93} INFO -   File "/home/airflow/.local/lib/python3.12/site-packages/sqlalchemy/pool/base.py", line 686, in __connect
[2026-08-01T23:52:03.292+0000] {subprocess.py:93} INFO -     self.dbapi_connection = connection = pool._invoke_creator(self)
[2026-08-01T23:52:03.292+0000] {subprocess.py:93} INFO -                                          ^^^^^^^^^^^^^^^^^^^^^^^^^^
[2026-08-01T23:52:03.292+0000] {subprocess.py:93} INFO -   File "/home/airflow/.local/lib/python3.12/site-packages/sqlalchemy/engine/create.py", line 574, in connect
[2026-08-01T23:52:03.292+0000] {subprocess.py:93} INFO -     return dialect.connect(*cargs, **cparams)
[2026-08-01T23:52:03.292+0000] {subprocess.py:93} INFO -            ^^^^^^^^^^^^^^^^^^^^^^^^^^^^^^^^^^
[2026-08-01T23:52:03.292+0000] {subprocess.py:93} INFO -   File "/home/airflow/.local/lib/python3.12/site-packages/sqlalchemy/engine/default.py", line 598, in connect
[2026-08-01T23:52:03.292+0000] {subprocess.py:93} INFO -     return self.dbapi.connect(*cargs, **cparams)
[2026-08-01T23:52:03.293+0000] {subprocess.py:93} INFO -            ^^^^^^^^^^^^^^^^^^^^^^^^^^^^^^^^^^^^^
[2026-08-01T23:52:03.293+0000] {subprocess.py:93} INFO -   File "/home/airflow/.local/lib/python3.12/site-packages/psycopg2/__init__.py", line 122, in connect
[2026-08-01T23:52:03.293+0000] {subprocess.py:93} INFO -     conn = _connect(dsn, connection_factory=connection_factory, **kwasync)
[2026-08-01T23:52:03.293+0000] {subprocess.py:93} INFO -            ^^^^^^^^^^^^^^^^^^^^^^^^^^^^^^^^^^^^^^^^^^^^^^^^^^^^^^^^^^^^^^^
[2026-08-01T23:52:03.293+0000] {subprocess.py:93} INFO - sqlalchemy.exc.OperationalError: (psycopg2.OperationalError) connection to server at "localhost" (::1), port 5432 failed: Connection refused
[2026-08-01T23:52:03.294+0000] {subprocess.py:93} INFO - 	Is the server running on that host and accepting TCP/IP connections?
[2026-08-01T23:52:03.294+0000] {subprocess.py:93} INFO - connection to server at "localhost" (127.0.0.1), port 5432 failed: Connection refused
[2026-08-01T23:52:03.295+0000] {subprocess.py:93} INFO - 	Is the server running on that host and accepting TCP/IP connections?
[2026-08-01T23:52:03.296+0000] {subprocess.py:93} INFO - 
[2026-08-01T23:52:03.296+0000] {subprocess.py:93} INFO - (Background on this error at: https://sqlalche.me/e/14/e3q8)
[2026-08-01T23:52:03.408+0000] {subprocess.py:97} INFO - Command exited with return code 1
[2026-08-01T23:52:03.452+0000] {taskinstance.py:3301} ERROR - Task failed with exception
Traceback (most recent call last):
  File "/home/airflow/.local/lib/python3.12/site-packages/airflow/models/taskinstance.py", line 767, in _execute_task
    result = _execute_callable(context=context, **execute_callable_kwargs)
             ^^^^^^^^^^^^^^^^^^^^^^^^^^^^^^^^^^^^^^^^^^^^^^^^^^^^^^^^^^^^^
  File "/home/airflow/.local/lib/python3.12/site-packages/airflow/models/taskinstance.py", line 733, in _execute_callable
    return ExecutionCallableRunner(
           ^^^^^^^^^^^^^^^^^^^^^^^^
  File "/home/airflow/.local/lib/python3.12/site-packages/airflow/utils/operator_helpers.py", line 252, in run
    return self.func(*args, **kwargs)
           ^^^^^^^^^^^^^^^^^^^^^^^^^^
  File "/home/airflow/.local/lib/python3.12/site-packages/airflow/models/baseoperator.py", line 406, in wrapper
    return func(self, *args, **kwargs)
           ^^^^^^^^^^^^^^^^^^^^^^^^^^^
  File "/home/airflow/.local/lib/python3.12/site-packages/airflow/operators/bash.py", line 249, in execute
    raise AirflowException(
airflow.exceptions.AirflowException: Bash command failed. The command returned a non-zero exit code 1.
[2026-08-01T23:52:03.460+0000] {taskinstance.py:1225} INFO - Marking task as FAILED. dag_id=retail_etl, task_id=load_data, run_id=scheduled__2026-07-31T00:00:00+00:00, execution_date=20260731T000000, start_date=20260801T235201, end_date=20260801T235203
[2026-08-01T23:52:03.479+0000] {taskinstance.py:340} INFO - ::group::Post task execution logs
[2026-08-01T23:52:03.481+0000] {standard_task_runner.py:124} ERROR - Failed to execute job 16 for task load_data (Bash command failed. The command returned a non-zero exit code 1.; 94)
Traceback (most recent call last):
  File "/home/airflow/.local/lib/python3.12/site-packages/airflow/task/task_runner/standard_task_runner.py", line 117, in _start_by_fork
    ret = args.func(args, dag=self.dag)
          ^^^^^^^^^^^^^^^^^^^^^^^^^^^^^
  File "/home/airflow/.local/lib/python3.12/site-packages/airflow/cli/cli_config.py", line 49, in command
    return func(*args, **kwargs)
           ^^^^^^^^^^^^^^^^^^^^^
  File "/home/airflow/.local/lib/python3.12/site-packages/airflow/utils/cli.py", line 115, in wrapper
    return f(*args, **kwargs)
           ^^^^^^^^^^^^^^^^^^
  File "/home/airflow/.local/lib/python3.12/site-packages/airflow/cli/commands/task_command.py", line 483, in task_run
    task_return_code = _run_task_by_selected_method(args, _dag, ti)
                       ^^^^^^^^^^^^^^^^^^^^^^^^^^^^^^^^^^^^^^^^^^^^
  File "/home/airflow/.local/lib/python3.12/site-packages/airflow/cli/commands/task_command.py", line 256, in _run_task_by_selected_method
    return _run_raw_task(args, ti)
           ^^^^^^^^^^^^^^^^^^^^^^^
  File "/home/airflow/.local/lib/python3.12/site-packages/airflow/cli/commands/task_command.py", line 341, in _run_raw_task
    return ti._run_raw_task(
           ^^^^^^^^^^^^^^^^^
  File "/home/airflow/.local/lib/python3.12/site-packages/airflow/utils/session.py", line 97, in wrapper
    return func(*args, session=session, **kwargs)
           ^^^^^^^^^^^^^^^^^^^^^^^^^^^^^^^^^^^^^^
  File "/home/airflow/.local/lib/python3.12/site-packages/airflow/models/taskinstance.py", line 2995, in _run_raw_task
    return _run_raw_task(
           ^^^^^^^^^^^^^^
  File "/home/airflow/.local/lib/python3.12/site-packages/airflow/models/taskinstance.py", line 273, in _run_raw_task
    TaskInstance._execute_task_with_callbacks(
  File "/home/airflow/.local/lib/python3.12/site-packages/airflow/models/taskinstance.py", line 3149, in _execute_task_with_callbacks
    result = self._execute_task(context, task_orig)
             ^^^^^^^^^^^^^^^^^^^^^^^^^^^^^^^^^^^^^^
  File "/home/airflow/.local/lib/python3.12/site-packages/airflow/models/taskinstance.py", line 3173, in _execute_task
    return _execute_task(self, context, task_orig)
           ^^^^^^^^^^^^^^^^^^^^^^^^^^^^^^^^^^^^^^^
  File "/home/airflow/.local/lib/python3.12/site-packages/airflow/models/taskinstance.py", line 767, in _execute_task
    result = _execute_callable(context=context, **execute_callable_kwargs)
             ^^^^^^^^^^^^^^^^^^^^^^^^^^^^^^^^^^^^^^^^^^^^^^^^^^^^^^^^^^^^^
  File "/home/airflow/.local/lib/python3.12/site-packages/airflow/models/taskinstance.py", line 733, in _execute_callable
    return ExecutionCallableRunner(
           ^^^^^^^^^^^^^^^^^^^^^^^^
  File "/home/airflow/.local/lib/python3.12/site-packages/airflow/utils/operator_helpers.py", line 252, in run
    return self.func(*args, **kwargs)
           ^^^^^^^^^^^^^^^^^^^^^^^^^^
  File "/home/airflow/.local/lib/python3.12/site-packages/airflow/models/baseoperator.py", line 406, in wrapper
    return func(self, *args, **kwargs)
           ^^^^^^^^^^^^^^^^^^^^^^^^^^^
  File "/home/airflow/.local/lib/python3.12/site-packages/airflow/operators/bash.py", line 249, in execute
    raise AirflowException(
airflow.exceptions.AirflowException: Bash command failed. The command returned a non-zero exit code 1.
[2026-08-01T23:52:03.541+0000] {local_task_job_runner.py:261} INFO - Task exited with return code 1
[2026-08-01T23:52:03.605+0000] {taskinstance.py:3891} INFO - 0 downstream tasks scheduled from follow-on schedule check
[2026-08-01T23:52:03.607+0000] {local_task_job_runner.py:240} INFO - ::endgroup::
