[2026-08-01T23:51:39.050+0000] {processor.py:186} INFO - Started process (PID=24) to work on /opt/airflow/dags/retail_pipeline.py
[2026-08-01T23:51:39.051+0000] {processor.py:914} INFO - Processing file /opt/airflow/dags/retail_pipeline.py for tasks to queue
[2026-08-01T23:51:39.052+0000] {logging_mixin.py:190} INFO - [2026-08-01T23:51:39.052+0000] {dagbag.py:587} INFO - Filling up the DagBag from /opt/airflow/dags/retail_pipeline.py
[2026-08-01T23:51:39.064+0000] {processor.py:925} INFO - DAG(s) 'retail_etl' retrieved from /opt/airflow/dags/retail_pipeline.py
[2026-08-01T23:51:39.100+0000] {logging_mixin.py:190} INFO - [2026-08-01T23:51:39.100+0000] {dag.py:3211} INFO - Sync 1 DAGs
[2026-08-01T23:51:39.127+0000] {logging_mixin.py:190} INFO - [2026-08-01T23:51:39.127+0000] {dag.py:4138} INFO - Setting next_dagrun for retail_etl to 2026-07-31 00:00:00+00:00, run_after=2026-08-01 00:00:00+00:00
[2026-08-01T23:51:39.144+0000] {processor.py:208} INFO - Processing /opt/airflow/dags/retail_pipeline.py took 0.101 seconds
[2026-08-01T23:52:09.455+0000] {processor.py:186} INFO - Started process (PID=106) to work on /opt/airflow/dags/retail_pipeline.py
[2026-08-01T23:52:09.455+0000] {processor.py:914} INFO - Processing file /opt/airflow/dags/retail_pipeline.py for tasks to queue
[2026-08-01T23:52:09.458+0000] {logging_mixin.py:190} INFO - [2026-08-01T23:52:09.457+0000] {dagbag.py:587} INFO - Filling up the DagBag from /opt/airflow/dags/retail_pipeline.py
[2026-08-01T23:52:09.475+0000] {processor.py:925} INFO - DAG(s) 'retail_etl' retrieved from /opt/airflow/dags/retail_pipeline.py
[2026-08-01T23:52:09.506+0000] {logging_mixin.py:190} INFO - [2026-08-01T23:52:09.506+0000] {dag.py:3211} INFO - Sync 1 DAGs
[2026-08-01T23:52:09.528+0000] {logging_mixin.py:190} INFO - [2026-08-01T23:52:09.528+0000] {dag.py:4138} INFO - Setting next_dagrun for retail_etl to 2026-08-01 00:00:00+00:00, run_after=2026-08-02 00:00:00+00:00
[2026-08-01T23:52:09.538+0000] {processor.py:208} INFO - Processing /opt/airflow/dags/retail_pipeline.py took 0.091 seconds
[2026-08-01T23:52:39.841+0000] {processor.py:186} INFO - Started process (PID=107) to work on /opt/airflow/dags/retail_pipeline.py
[2026-08-01T23:52:39.842+0000] {processor.py:914} INFO - Processing file /opt/airflow/dags/retail_pipeline.py for tasks to queue
[2026-08-01T23:52:39.845+0000] {logging_mixin.py:190} INFO - [2026-08-01T23:52:39.844+0000] {dagbag.py:587} INFO - Filling up the DagBag from /opt/airflow/dags/retail_pipeline.py
[2026-08-01T23:52:39.861+0000] {processor.py:925} INFO - DAG(s) 'retail_etl' retrieved from /opt/airflow/dags/retail_pipeline.py
[2026-08-01T23:52:39.881+0000] {logging_mixin.py:190} INFO - [2026-08-01T23:52:39.881+0000] {dag.py:3211} INFO - Sync 1 DAGs
[2026-08-01T23:52:39.892+0000] {logging_mixin.py:190} INFO - [2026-08-01T23:52:39.892+0000] {dag.py:4138} INFO - Setting next_dagrun for retail_etl to 2026-08-01 00:00:00+00:00, run_after=2026-08-02 00:00:00+00:00
[2026-08-01T23:52:39.899+0000] {processor.py:208} INFO - Processing /opt/airflow/dags/retail_pipeline.py took 0.072 seconds
[2026-08-01T23:53:10.207+0000] {processor.py:186} INFO - Started process (PID=108) to work on /opt/airflow/dags/retail_pipeline.py
[2026-08-01T23:53:10.208+0000] {processor.py:914} INFO - Processing file /opt/airflow/dags/retail_pipeline.py for tasks to queue
[2026-08-01T23:53:10.214+0000] {logging_mixin.py:190} INFO - [2026-08-01T23:53:10.213+0000] {dagbag.py:587} INFO - Filling up the DagBag from /opt/airflow/dags/retail_pipeline.py
[2026-08-01T23:53:10.240+0000] {processor.py:925} INFO - DAG(s) 'retail_etl' retrieved from /opt/airflow/dags/retail_pipeline.py
[2026-08-01T23:53:10.267+0000] {logging_mixin.py:190} INFO - [2026-08-01T23:53:10.267+0000] {dag.py:3211} INFO - Sync 1 DAGs
[2026-08-01T23:53:10.286+0000] {logging_mixin.py:190} INFO - [2026-08-01T23:53:10.286+0000] {dag.py:4138} INFO - Setting next_dagrun for retail_etl to 2026-08-01 00:00:00+00:00, run_after=2026-08-02 00:00:00+00:00
[2026-08-01T23:53:10.296+0000] {processor.py:208} INFO - Processing /opt/airflow/dags/retail_pipeline.py took 0.101 seconds
[2026-08-01T23:53:40.574+0000] {processor.py:186} INFO - Started process (PID=109) to work on /opt/airflow/dags/retail_pipeline.py
[2026-08-01T23:53:40.576+0000] {processor.py:914} INFO - Processing file /opt/airflow/dags/retail_pipeline.py for tasks to queue
[2026-08-01T23:53:40.585+0000] {logging_mixin.py:190} INFO - [2026-08-01T23:53:40.585+0000] {dagbag.py:587} INFO - Filling up the DagBag from /opt/airflow/dags/retail_pipeline.py
[2026-08-01T23:53:40.620+0000] {processor.py:925} INFO - DAG(s) 'retail_etl' retrieved from /opt/airflow/dags/retail_pipeline.py
[2026-08-01T23:53:40.651+0000] {logging_mixin.py:190} INFO - [2026-08-01T23:53:40.651+0000] {dag.py:3211} INFO - Sync 1 DAGs
[2026-08-01T23:53:40.671+0000] {logging_mixin.py:190} INFO - [2026-08-01T23:53:40.671+0000] {dag.py:4138} INFO - Setting next_dagrun for retail_etl to 2026-08-01 00:00:00+00:00, run_after=2026-08-02 00:00:00+00:00
[2026-08-01T23:53:40.680+0000] {processor.py:208} INFO - Processing /opt/airflow/dags/retail_pipeline.py took 0.111 seconds
[2026-08-01T23:54:10.974+0000] {processor.py:186} INFO - Started process (PID=110) to work on /opt/airflow/dags/retail_pipeline.py
[2026-08-01T23:54:10.975+0000] {processor.py:914} INFO - Processing file /opt/airflow/dags/retail_pipeline.py for tasks to queue
[2026-08-01T23:54:10.977+0000] {logging_mixin.py:190} INFO - [2026-08-01T23:54:10.977+0000] {dagbag.py:587} INFO - Filling up the DagBag from /opt/airflow/dags/retail_pipeline.py
[2026-08-01T23:54:10.988+0000] {processor.py:925} INFO - DAG(s) 'retail_etl' retrieved from /opt/airflow/dags/retail_pipeline.py
[2026-08-01T23:54:11.024+0000] {logging_mixin.py:190} INFO - [2026-08-01T23:54:11.023+0000] {dag.py:3211} INFO - Sync 1 DAGs
[2026-08-01T23:54:11.045+0000] {logging_mixin.py:190} INFO - [2026-08-01T23:54:11.045+0000] {dag.py:4138} INFO - Setting next_dagrun for retail_etl to 2026-08-01 00:00:00+00:00, run_after=2026-08-02 00:00:00+00:00
[2026-08-01T23:54:11.054+0000] {processor.py:208} INFO - Processing /opt/airflow/dags/retail_pipeline.py took 0.090 seconds
[2026-08-01T23:54:41.334+0000] {processor.py:186} INFO - Started process (PID=111) to work on /opt/airflow/dags/retail_pipeline.py
[2026-08-01T23:54:41.340+0000] {processor.py:914} INFO - Processing file /opt/airflow/dags/retail_pipeline.py for tasks to queue
[2026-08-01T23:54:41.345+0000] {logging_mixin.py:190} INFO - [2026-08-01T23:54:41.344+0000] {dagbag.py:587} INFO - Filling up the DagBag from /opt/airflow/dags/retail_pipeline.py
[2026-08-01T23:54:41.380+0000] {processor.py:925} INFO - DAG(s) 'retail_etl' retrieved from /opt/airflow/dags/retail_pipeline.py
[2026-08-01T23:54:41.421+0000] {logging_mixin.py:190} INFO - [2026-08-01T23:54:41.421+0000] {dag.py:3211} INFO - Sync 1 DAGs
[2026-08-01T23:54:41.438+0000] {logging_mixin.py:190} INFO - [2026-08-01T23:54:41.438+0000] {dag.py:4138} INFO - Setting next_dagrun for retail_etl to 2026-08-01 00:00:00+00:00, run_after=2026-08-02 00:00:00+00:00
[2026-08-01T23:54:41.449+0000] {processor.py:208} INFO - Processing /opt/airflow/dags/retail_pipeline.py took 0.130 seconds
[2026-08-01T23:55:11.692+0000] {processor.py:186} INFO - Started process (PID=112) to work on /opt/airflow/dags/retail_pipeline.py
[2026-08-01T23:55:11.694+0000] {processor.py:914} INFO - Processing file /opt/airflow/dags/retail_pipeline.py for tasks to queue
[2026-08-01T23:55:11.697+0000] {logging_mixin.py:190} INFO - [2026-08-01T23:55:11.696+0000] {dagbag.py:587} INFO - Filling up the DagBag from /opt/airflow/dags/retail_pipeline.py
[2026-08-01T23:55:11.722+0000] {processor.py:925} INFO - DAG(s) 'retail_etl' retrieved from /opt/airflow/dags/retail_pipeline.py
[2026-08-01T23:55:11.760+0000] {logging_mixin.py:190} INFO - [2026-08-01T23:55:11.760+0000] {dag.py:3211} INFO - Sync 1 DAGs
[2026-08-01T23:55:11.784+0000] {logging_mixin.py:190} INFO - [2026-08-01T23:55:11.784+0000] {dag.py:4138} INFO - Setting next_dagrun for retail_etl to 2026-08-01 00:00:00+00:00, run_after=2026-08-02 00:00:00+00:00
[2026-08-01T23:55:11.794+0000] {processor.py:208} INFO - Processing /opt/airflow/dags/retail_pipeline.py took 0.116 seconds
[2026-08-01T23:55:41.985+0000] {processor.py:186} INFO - Started process (PID=113) to work on /opt/airflow/dags/retail_pipeline.py
[2026-08-01T23:55:41.987+0000] {processor.py:914} INFO - Processing file /opt/airflow/dags/retail_pipeline.py for tasks to queue
[2026-08-01T23:55:41.990+0000] {logging_mixin.py:190} INFO - [2026-08-01T23:55:41.990+0000] {dagbag.py:587} INFO - Filling up the DagBag from /opt/airflow/dags/retail_pipeline.py
[2026-08-01T23:55:42.006+0000] {processor.py:925} INFO - DAG(s) 'retail_etl' retrieved from /opt/airflow/dags/retail_pipeline.py
[2026-08-01T23:55:42.037+0000] {logging_mixin.py:190} INFO - [2026-08-01T23:55:42.037+0000] {dag.py:3211} INFO - Sync 1 DAGs
[2026-08-01T23:55:42.053+0000] {logging_mixin.py:190} INFO - [2026-08-01T23:55:42.053+0000] {dag.py:4138} INFO - Setting next_dagrun for retail_etl to 2026-08-01 00:00:00+00:00, run_after=2026-08-02 00:00:00+00:00
[2026-08-01T23:55:42.063+0000] {processor.py:208} INFO - Processing /opt/airflow/dags/retail_pipeline.py took 0.097 seconds
[2026-08-01T23:56:12.254+0000] {processor.py:186} INFO - Started process (PID=114) to work on /opt/airflow/dags/retail_pipeline.py
[2026-08-01T23:56:12.256+0000] {processor.py:914} INFO - Processing file /opt/airflow/dags/retail_pipeline.py for tasks to queue
[2026-08-01T23:56:12.272+0000] {logging_mixin.py:190} INFO - [2026-08-01T23:56:12.265+0000] {dagbag.py:587} INFO - Filling up the DagBag from /opt/airflow/dags/retail_pipeline.py
[2026-08-01T23:56:12.458+0000] {processor.py:925} INFO - DAG(s) 'retail_etl' retrieved from /opt/airflow/dags/retail_pipeline.py
[2026-08-01T23:56:12.586+0000] {logging_mixin.py:190} INFO - [2026-08-01T23:56:12.586+0000] {dag.py:3211} INFO - Sync 1 DAGs
[2026-08-01T23:56:12.644+0000] {logging_mixin.py:190} INFO - [2026-08-01T23:56:12.644+0000] {dag.py:4138} INFO - Setting next_dagrun for retail_etl to 2026-08-01 00:00:00+00:00, run_after=2026-08-02 00:00:00+00:00
[2026-08-01T23:56:12.667+0000] {processor.py:208} INFO - Processing /opt/airflow/dags/retail_pipeline.py took 0.417 seconds
[2026-08-01T23:56:42.874+0000] {processor.py:186} INFO - Started process (PID=115) to work on /opt/airflow/dags/retail_pipeline.py
[2026-08-01T23:56:42.876+0000] {processor.py:914} INFO - Processing file /opt/airflow/dags/retail_pipeline.py for tasks to queue
[2026-08-01T23:56:42.892+0000] {logging_mixin.py:190} INFO - [2026-08-01T23:56:42.890+0000] {dagbag.py:587} INFO - Filling up the DagBag from /opt/airflow/dags/retail_pipeline.py
[2026-08-01T23:56:42.985+0000] {processor.py:925} INFO - DAG(s) 'retail_etl' retrieved from /opt/airflow/dags/retail_pipeline.py
[2026-08-01T23:56:43.053+0000] {logging_mixin.py:190} INFO - [2026-08-01T23:56:43.052+0000] {dag.py:3211} INFO - Sync 1 DAGs
[2026-08-01T23:56:43.091+0000] {logging_mixin.py:190} INFO - [2026-08-01T23:56:43.091+0000] {dag.py:4138} INFO - Setting next_dagrun for retail_etl to 2026-08-01 00:00:00+00:00, run_after=2026-08-02 00:00:00+00:00
[2026-08-01T23:56:43.106+0000] {processor.py:208} INFO - Processing /opt/airflow/dags/retail_pipeline.py took 0.295 seconds
[2026-08-01T23:57:13.170+0000] {processor.py:186} INFO - Started process (PID=116) to work on /opt/airflow/dags/retail_pipeline.py
[2026-08-01T23:57:13.171+0000] {processor.py:914} INFO - Processing file /opt/airflow/dags/retail_pipeline.py for tasks to queue
[2026-08-01T23:57:13.176+0000] {logging_mixin.py:190} INFO - [2026-08-01T23:57:13.175+0000] {dagbag.py:587} INFO - Filling up the DagBag from /opt/airflow/dags/retail_pipeline.py
[2026-08-01T23:57:13.200+0000] {processor.py:925} INFO - DAG(s) 'retail_etl' retrieved from /opt/airflow/dags/retail_pipeline.py
[2026-08-01T23:57:13.226+0000] {logging_mixin.py:190} INFO - [2026-08-01T23:57:13.226+0000] {dag.py:3211} INFO - Sync 1 DAGs
[2026-08-01T23:57:13.246+0000] {logging_mixin.py:190} INFO - [2026-08-01T23:57:13.245+0000] {dag.py:4138} INFO - Setting next_dagrun for retail_etl to 2026-08-01 00:00:00+00:00, run_after=2026-08-02 00:00:00+00:00
[2026-08-01T23:57:13.320+0000] {processor.py:208} INFO - Processing /opt/airflow/dags/retail_pipeline.py took 0.166 seconds
[2026-08-01T23:57:43.511+0000] {processor.py:186} INFO - Started process (PID=117) to work on /opt/airflow/dags/retail_pipeline.py
[2026-08-01T23:57:43.514+0000] {processor.py:914} INFO - Processing file /opt/airflow/dags/retail_pipeline.py for tasks to queue
[2026-08-01T23:57:43.519+0000] {logging_mixin.py:190} INFO - [2026-08-01T23:57:43.518+0000] {dagbag.py:587} INFO - Filling up the DagBag from /opt/airflow/dags/retail_pipeline.py
[2026-08-01T23:57:43.547+0000] {processor.py:925} INFO - DAG(s) 'retail_etl' retrieved from /opt/airflow/dags/retail_pipeline.py
[2026-08-01T23:57:43.577+0000] {logging_mixin.py:190} INFO - [2026-08-01T23:57:43.577+0000] {dag.py:3211} INFO - Sync 1 DAGs
[2026-08-01T23:57:43.595+0000] {logging_mixin.py:190} INFO - [2026-08-01T23:57:43.595+0000] {dag.py:4138} INFO - Setting next_dagrun for retail_etl to 2026-08-01 00:00:00+00:00, run_after=2026-08-02 00:00:00+00:00
[2026-08-01T23:57:43.608+0000] {processor.py:208} INFO - Processing /opt/airflow/dags/retail_pipeline.py took 0.110 seconds
[2026-08-01T23:58:14.010+0000] {processor.py:186} INFO - Started process (PID=118) to work on /opt/airflow/dags/retail_pipeline.py
[2026-08-01T23:58:14.014+0000] {processor.py:914} INFO - Processing file /opt/airflow/dags/retail_pipeline.py for tasks to queue
[2026-08-01T23:58:14.019+0000] {logging_mixin.py:190} INFO - [2026-08-01T23:58:14.018+0000] {dagbag.py:587} INFO - Filling up the DagBag from /opt/airflow/dags/retail_pipeline.py
[2026-08-01T23:58:14.055+0000] {processor.py:925} INFO - DAG(s) 'retail_etl' retrieved from /opt/airflow/dags/retail_pipeline.py
[2026-08-01T23:58:14.091+0000] {logging_mixin.py:190} INFO - [2026-08-01T23:58:14.091+0000] {dag.py:3211} INFO - Sync 1 DAGs
[2026-08-01T23:58:14.119+0000] {logging_mixin.py:190} INFO - [2026-08-01T23:58:14.119+0000] {dag.py:4138} INFO - Setting next_dagrun for retail_etl to 2026-08-01 00:00:00+00:00, run_after=2026-08-02 00:00:00+00:00
[2026-08-01T23:58:14.129+0000] {processor.py:208} INFO - Processing /opt/airflow/dags/retail_pipeline.py took 0.138 seconds
[2026-08-01T23:58:44.355+0000] {processor.py:186} INFO - Started process (PID=119) to work on /opt/airflow/dags/retail_pipeline.py
[2026-08-01T23:58:44.357+0000] {processor.py:914} INFO - Processing file /opt/airflow/dags/retail_pipeline.py for tasks to queue
[2026-08-01T23:58:44.361+0000] {logging_mixin.py:190} INFO - [2026-08-01T23:58:44.361+0000] {dagbag.py:587} INFO - Filling up the DagBag from /opt/airflow/dags/retail_pipeline.py
[2026-08-01T23:58:44.394+0000] {processor.py:925} INFO - DAG(s) 'retail_etl' retrieved from /opt/airflow/dags/retail_pipeline.py
[2026-08-01T23:58:44.418+0000] {logging_mixin.py:190} INFO - [2026-08-01T23:58:44.418+0000] {dag.py:3211} INFO - Sync 1 DAGs
[2026-08-01T23:58:44.435+0000] {logging_mixin.py:190} INFO - [2026-08-01T23:58:44.435+0000] {dag.py:4138} INFO - Setting next_dagrun for retail_etl to 2026-08-01 00:00:00+00:00, run_after=2026-08-02 00:00:00+00:00
[2026-08-01T23:58:44.449+0000] {processor.py:208} INFO - Processing /opt/airflow/dags/retail_pipeline.py took 0.107 seconds
[2026-08-01T23:59:14.734+0000] {processor.py:186} INFO - Started process (PID=120) to work on /opt/airflow/dags/retail_pipeline.py
[2026-08-01T23:59:14.736+0000] {processor.py:914} INFO - Processing file /opt/airflow/dags/retail_pipeline.py for tasks to queue
[2026-08-01T23:59:14.741+0000] {logging_mixin.py:190} INFO - [2026-08-01T23:59:14.740+0000] {dagbag.py:587} INFO - Filling up the DagBag from /opt/airflow/dags/retail_pipeline.py
[2026-08-01T23:59:14.769+0000] {processor.py:925} INFO - DAG(s) 'retail_etl' retrieved from /opt/airflow/dags/retail_pipeline.py
[2026-08-01T23:59:14.798+0000] {logging_mixin.py:190} INFO - [2026-08-01T23:59:14.798+0000] {dag.py:3211} INFO - Sync 1 DAGs
[2026-08-01T23:59:14.812+0000] {logging_mixin.py:190} INFO - [2026-08-01T23:59:14.811+0000] {dag.py:4138} INFO - Setting next_dagrun for retail_etl to 2026-08-01 00:00:00+00:00, run_after=2026-08-02 00:00:00+00:00
[2026-08-01T23:59:14.820+0000] {processor.py:208} INFO - Processing /opt/airflow/dags/retail_pipeline.py took 0.095 seconds
[2026-08-01T23:59:45.071+0000] {processor.py:186} INFO - Started process (PID=121) to work on /opt/airflow/dags/retail_pipeline.py
[2026-08-01T23:59:45.073+0000] {processor.py:914} INFO - Processing file /opt/airflow/dags/retail_pipeline.py for tasks to queue
[2026-08-01T23:59:45.078+0000] {logging_mixin.py:190} INFO - [2026-08-01T23:59:45.077+0000] {dagbag.py:587} INFO - Filling up the DagBag from /opt/airflow/dags/retail_pipeline.py
[2026-08-01T23:59:45.101+0000] {processor.py:925} INFO - DAG(s) 'retail_etl' retrieved from /opt/airflow/dags/retail_pipeline.py
[2026-08-01T23:59:45.133+0000] {logging_mixin.py:190} INFO - [2026-08-01T23:59:45.133+0000] {dag.py:3211} INFO - Sync 1 DAGs
[2026-08-01T23:59:45.152+0000] {logging_mixin.py:190} INFO - [2026-08-01T23:59:45.152+0000] {dag.py:4138} INFO - Setting next_dagrun for retail_etl to 2026-08-01 00:00:00+00:00, run_after=2026-08-02 00:00:00+00:00
[2026-08-01T23:59:45.162+0000] {processor.py:208} INFO - Processing /opt/airflow/dags/retail_pipeline.py took 0.106 seconds
